Command line invocation:
    /Applications/Xcode.app/Contents/Developer/usr/bin/xcodebuild test -project Jahez.xcodeproj -scheme Jahez -destination "platform=iOS Simulator,name=iPhone 17"

Resolve Package Graph


Resolved source packages:
  Kingfisher: https://github.com/onevcat/Kingfisher @ 8.8.1
  Alamofire: https://github.com/Alamofire/Alamofire @ 5.11.2
  RealmDatabase: https://github.com/realm/realm-core.git @ 20.1.4
  Realm: https://github.com/realm/realm-swift @ community (1cd09f1)

2026-04-15 16:14:22.660 xcodebuild[91106:1972181] [MT] IDERunDestination: Supported platforms for the buildables in the current scheme is empty.
ComputePackagePrebuildTargetDependencyGraph

Prepare packages

CreateBuildRequest

SendProjectDescription

CreateBuildOperation

ComputeTargetDependencyGraph
note: Building targets in dependency order
note: Target dependency graph (19 targets)
    Target 'JahezTests' in project 'Jahez'
        ➜ Explicit dependency on target 'Jahez' in project 'Jahez'
        ➜ Explicit dependency on target 'RealmSwift' in project 'Realm'
        ➜ Explicit dependency on target 'Kingfisher' in project 'Kingfisher'
        ➜ Explicit dependency on target 'Alamofire' in project 'Alamofire'
    Target 'Jahez' in project 'Jahez'
        ➜ Explicit dependency on target 'RealmSwift' in project 'Realm'
        ➜ Explicit dependency on target 'Kingfisher' in project 'Kingfisher'
        ➜ Explicit dependency on target 'Alamofire' in project 'Alamofire'
    Target 'Alamofire' in project 'Alamofire'
        ➜ Explicit dependency on target 'Alamofire' in project 'Alamofire'
        ➜ Explicit dependency on target 'Alamofire_Alamofire' in project 'Alamofire'
    Target 'Alamofire' in project 'Alamofire'
        ➜ Explicit dependency on target 'Alamofire_Alamofire' in project 'Alamofire'
    Target 'Alamofire_Alamofire' in project 'Alamofire' (no dependencies)
    Target 'Kingfisher' in project 'Kingfisher'
        ➜ Explicit dependency on target 'Kingfisher' in project 'Kingfisher'
        ➜ Explicit dependency on target 'Kingfisher_Kingfisher' in project 'Kingfisher'
    Target 'Kingfisher' in project 'Kingfisher'
        ➜ Explicit dependency on target 'Kingfisher_Kingfisher' in project 'Kingfisher'
    Target 'Kingfisher_Kingfisher' in project 'Kingfisher' (no dependencies)
    Target 'RealmSwift' in project 'Realm'
        ➜ Explicit dependency on target 'RealmSwift' in project 'Realm'
        ➜ Explicit dependency on target 'Realm_RealmSwift' in project 'Realm'
        ➜ Explicit dependency on target 'Realm' in project 'Realm'
        ➜ Explicit dependency on target 'RealmCore' in project 'RealmDatabase'
    Target 'RealmSwift' in project 'Realm'
        ➜ Explicit dependency on target 'Realm_RealmSwift' in project 'Realm'
        ➜ Explicit dependency on target 'Realm' in project 'Realm'
        ➜ Explicit dependency on target 'RealmCore' in project 'RealmDatabase'
    Target 'Realm' in project 'Realm'
        ➜ Explicit dependency on target 'Realm_Realm' in project 'Realm'
        ➜ Explicit dependency on target 'RealmCore' in project 'RealmDatabase'
    Target 'RealmCore' in project 'RealmDatabase'
        ➜ Explicit dependency on target 'RealmCoreResources' in project 'RealmDatabase'
        ➜ Explicit dependency on target 'RealmDatabase_RealmCoreResources' in project 'RealmDatabase'
        ➜ Explicit dependency on target 'Bid' in project 'RealmDatabase'
        ➜ Explicit dependency on target 's2geometry' in project 'RealmDatabase'
        ➜ Explicit dependency on target 'RealmCore' in project 'RealmDatabase'
    Target 'RealmCoreResources' in project 'RealmDatabase'
        ➜ Explicit dependency on target 'RealmDatabase_RealmCoreResources' in project 'RealmDatabase'
        ➜ Explicit dependency on target 'Bid' in project 'RealmDatabase'
        ➜ Explicit dependency on target 's2geometry' in project 'RealmDatabase'
        ➜ Explicit dependency on target 'RealmCore' in project 'RealmDatabase'
    Target 'RealmCore' in project 'RealmDatabase'
        ➜ Explicit dependency on target 'Bid' in project 'RealmDatabase'
        ➜ Explicit dependency on target 's2geometry' in project 'RealmDatabase'
    Target 's2geometry' in project 'RealmDatabase' (no dependencies)
    Target 'Bid' in project 'RealmDatabase' (no dependencies)
    Target 'RealmDatabase_RealmCoreResources' in project 'RealmDatabase' (no dependencies)
    Target 'Realm_Realm' in project 'Realm' (no dependencies)
    Target 'Realm_RealmSwift' in project 'Realm' (no dependencies)

GatherProvisioningInputs

CreateBuildDescription

ExecuteExternalTool /Applications/Xcode.app/Contents/Developer/Toolchains/XcodeDefault.xctoolchain/usr/bin/clang -v -E -dM -arch arm64 -isysroot /Applications/Xcode.app/Contents/Developer/Platforms/iPhoneSimulator.platform/Developer/SDKs/iPhoneSimulator26.4.sdk -x c -c /dev/null

ExecuteExternalTool /Applications/Xcode.app/Contents/Developer/Toolchains/XcodeDefault.xctoolchain/usr/bin/clang -v -E -dM -arch arm64 -isysroot /Applications/Xcode.app/Contents/Developer/Platforms/iPhoneSimulator.platform/Developer/SDKs/iPhoneSimulator26.4.sdk -x c++ -c /dev/null

ExecuteExternalTool /Applications/Xcode.app/Contents/Developer/Toolchains/XcodeDefault.xctoolchain/usr/bin/clang -v -E -dM -arch arm64 -isysroot /Applications/Xcode.app/Contents/Developer/Platforms/iPhoneSimulator.platform/Developer/SDKs/iPhoneSimulator26.4.sdk -x objective-c -c /dev/null

ExecuteExternalTool /Applications/Xcode.app/Contents/Developer/Toolchains/XcodeDefault.xctoolchain/usr/bin/ld -version_details

ExecuteExternalTool /Applications/Xcode.app/Contents/Developer/Toolchains/XcodeDefault.xctoolchain/usr/bin/swiftc --version

ExecuteExternalTool /Applications/Xcode.app/Contents/Developer/usr/bin/actool --print-asset-tag-combinations --output-format xml1 /Users/mohamedhammam/Desktop/personal/Work/Jahez/Jahez/App/Assets.xcassets

ExecuteExternalTool /Applications/Xcode.app/Contents/Developer/Toolchains/XcodeDefault.xctoolchain/usr/bin/clang -v -E -dM -isysroot /Applications/Xcode.app/Contents/Developer/Platforms/iPhoneSimulator.platform/Developer/SDKs/iPhoneSimulator26.4.sdk -x c -c /dev/null

ExecuteExternalTool /Applications/Xcode.app/Contents/Developer/Toolchains/XcodeDefault.xctoolchain/usr/bin/clang -v -E -dM -arch arm64 -isysroot /Applications/Xcode.app/Contents/Developer/Platforms/iPhoneSimulator.platform/Developer/SDKs/iPhoneSimulator26.4.sdk -x objective-c++ -c /dev/null

ReadFileContents /Applications/Xcode.app/Contents/Developer/Toolchains/XcodeDefault.xctoolchain/usr/share/docc/features.json

ExecuteExternalTool /Applications/Xcode.app/Contents/Developer/usr/bin/actool --version --output-format xml1

Build description signature: 3da715247c9ac34b8ae319db2de7da09
Build description path: /Users/mohamedhammam/Library/Developer/Xcode/DerivedData/Jahez-czbmduqebztgdbbwlwlnxdsizxuv/Build/Intermediates.noindex/XCBuildData/3da715247c9ac34b8ae319db2de7da09.xcbuilddata
ClangStatCache /Applications/Xcode.app/Contents/Developer/Toolchains/XcodeDefault.xctoolchain/usr/bin/clang-stat-cache /Applications/Xcode.app/Contents/Developer/Platforms/iPhoneSimulator.platform/Developer/SDKs/iPhoneSimulator26.4.sdk /Users/mohamedhammam/Library/Developer/Xcode/DerivedData/SDKStatCaches.noindex/iphonesimulator26.4-23E237-686eebb5dc1d8ecb277353a59184f4aa.sdkstatcache
    cd /Users/mohamedhammam/Desktop/personal/Work/Jahez/Jahez.xcodeproj
    /Applications/Xcode.app/Contents/Developer/Toolchains/XcodeDefault.xctoolchain/usr/bin/clang-stat-cache /Applications/Xcode.app/Contents/Developer/Platforms/iPhoneSimulator.platform/Developer/SDKs/iPhoneSimulator26.4.sdk -o /Users/mohamedhammam/Library/Developer/Xcode/DerivedData/SDKStatCaches.noindex/iphonesimulator26.4-23E237-686eebb5dc1d8ecb277353a59184f4aa.sdkstatcache

ProcessInfoPlistFile /Users/mohamedhammam/Library/Developer/Xcode/DerivedData/Jahez-czbmduqebztgdbbwlwlnxdsizxuv/Build/Products/Debug-iphonesimulator/Realm_Realm.bundle/Info.plist /Users/mohamedhammam/Library/Developer/Xcode/DerivedData/Jahez-czbmduqebztgdbbwlwlnxdsizxuv/Build/Intermediates.noindex/Realm.build/Debug-iphonesimulator/Realm_Realm.build/empty-Realm_Realm.plist (in target 'Realm_Realm' from project 'Realm')
    cd /Users/mohamedhammam/Library/Developer/Xcode/DerivedData/Jahez-czbmduqebztgdbbwlwlnxdsizxuv/SourcePackages/checkouts/realm-swift
    builtin-infoPlistUtility /Users/mohamedhammam/Library/Developer/Xcode/DerivedData/Jahez-czbmduqebztgdbbwlwlnxdsizxuv/Build/Intermediates.noindex/Realm.build/Debug-iphonesimulator/Realm_Realm.build/empty-Realm_Realm.plist -producttype com.apple.product-type.bundle -expandbuildsettings -format binary -platform iphonesimulator -o /Users/mohamedhammam/Library/Developer/Xcode/DerivedData/Jahez-czbmduqebztgdbbwlwlnxdsizxuv/Build/Products/Debug-iphonesimulator/Realm_Realm.bundle/Info.plist

ProcessInfoPlistFile /Users/mohamedhammam/Library/Developer/Xcode/DerivedData/Jahez-czbmduqebztgdbbwlwlnxdsizxuv/Build/Products/Debug-iphonesimulator/Realm_RealmSwift.bundle/Info.plist /Users/mohamedhammam/Library/Developer/Xcode/DerivedData/Jahez-czbmduqebztgdbbwlwlnxdsizxuv/Build/Intermediates.noindex/Realm.build/Debug-iphonesimulator/Realm_RealmSwift.build/empty-Realm_RealmSwift.plist (in target 'Realm_RealmSwift' from project 'Realm')
    cd /Users/mohamedhammam/Library/Developer/Xcode/DerivedData/Jahez-czbmduqebztgdbbwlwlnxdsizxuv/SourcePackages/checkouts/realm-swift
    builtin-infoPlistUtility /Users/mohamedhammam/Library/Developer/Xcode/DerivedData/Jahez-czbmduqebztgdbbwlwlnxdsizxuv/Build/Intermediates.noindex/Realm.build/Debug-iphonesimulator/Realm_RealmSwift.build/empty-Realm_RealmSwift.plist -producttype com.apple.product-type.bundle -expandbuildsettings -format binary -platform iphonesimulator -o /Users/mohamedhammam/Library/Developer/Xcode/DerivedData/Jahez-czbmduqebztgdbbwlwlnxdsizxuv/Build/Products/Debug-iphonesimulator/Realm_RealmSwift.bundle/Info.plist

ProcessInfoPlistFile /Users/mohamedhammam/Library/Developer/Xcode/DerivedData/Jahez-czbmduqebztgdbbwlwlnxdsizxuv/Build/Products/Debug-iphonesimulator/RealmDatabase_RealmCoreResources.bundle/Info.plist /Users/mohamedhammam/Library/Developer/Xcode/DerivedData/Jahez-czbmduqebztgdbbwlwlnxdsizxuv/Build/Intermediates.noindex/RealmDatabase.build/Debug-iphonesimulator/RealmDatabase_RealmCoreResources.build/empty-RealmDatabase_RealmCoreResources.plist (in target 'RealmDatabase_RealmCoreResources' from project 'RealmDatabase')
    cd /Users/mohamedhammam/Library/Developer/Xcode/DerivedData/Jahez-czbmduqebztgdbbwlwlnxdsizxuv/SourcePackages/checkouts/realm-core
    builtin-infoPlistUtility /Users/mohamedhammam/Library/Developer/Xcode/DerivedData/Jahez-czbmduqebztgdbbwlwlnxdsizxuv/Build/Intermediates.noindex/RealmDatabase.build/Debug-iphonesimulator/RealmDatabase_RealmCoreResources.build/empty-RealmDatabase_RealmCoreResources.plist -producttype com.apple.product-type.bundle -expandbuildsettings -format binary -platform iphonesimulator -o /Users/mohamedhammam/Library/Developer/Xcode/DerivedData/Jahez-czbmduqebztgdbbwlwlnxdsizxuv/Build/Products/Debug-iphonesimulator/RealmDatabase_RealmCoreResources.bundle/Info.plist

ProcessInfoPlistFile /Users/mohamedhammam/Library/Developer/Xcode/DerivedData/Jahez-czbmduqebztgdbbwlwlnxdsizxuv/Build/Products/Debug-iphonesimulator/Kingfisher_Kingfisher.bundle/Info.plist /Users/mohamedhammam/Library/Developer/Xcode/DerivedData/Jahez-czbmduqebztgdbbwlwlnxdsizxuv/Build/Intermediates.noindex/Kingfisher.build/Debug-iphonesimulator/Kingfisher_Kingfisher.build/empty-Kingfisher_Kingfisher.plist (in target 'Kingfisher_Kingfisher' from project 'Kingfisher')
    cd /Users/mohamedhammam/Library/Developer/Xcode/DerivedData/Jahez-czbmduqebztgdbbwlwlnxdsizxuv/SourcePackages/checkouts/Kingfisher
    builtin-infoPlistUtility /Users/mohamedhammam/Library/Developer/Xcode/DerivedData/Jahez-czbmduqebztgdbbwlwlnxdsizxuv/Build/Intermediates.noindex/Kingfisher.build/Debug-iphonesimulator/Kingfisher_Kingfisher.build/empty-Kingfisher_Kingfisher.plist -producttype com.apple.product-type.bundle -expandbuildsettings -format binary -platform iphonesimulator -o /Users/mohamedhammam/Library/Developer/Xcode/DerivedData/Jahez-czbmduqebztgdbbwlwlnxdsizxuv/Build/Products/Debug-iphonesimulator/Kingfisher_Kingfisher.bundle/Info.plist

ProcessInfoPlistFile /Users/mohamedhammam/Library/Developer/Xcode/DerivedData/Jahez-czbmduqebztgdbbwlwlnxdsizxuv/Build/Products/Debug-iphonesimulator/Alamofire_Alamofire.bundle/Info.plist /Users/mohamedhammam/Library/Developer/Xcode/DerivedData/Jahez-czbmduqebztgdbbwlwlnxdsizxuv/Build/Intermediates.noindex/Alamofire.build/Debug-iphonesimulator/Alamofire_Alamofire.build/empty-Alamofire_Alamofire.plist (in target 'Alamofire_Alamofire' from project 'Alamofire')
    cd /Users/mohamedhammam/Library/Developer/Xcode/DerivedData/Jahez-czbmduqebztgdbbwlwlnxdsizxuv/SourcePackages/checkouts/Alamofire
    builtin-infoPlistUtility /Users/mohamedhammam/Library/Developer/Xcode/DerivedData/Jahez-czbmduqebztgdbbwlwlnxdsizxuv/Build/Intermediates.noindex/Alamofire.build/Debug-iphonesimulator/Alamofire_Alamofire.build/empty-Alamofire_Alamofire.plist -producttype com.apple.product-type.bundle -expandbuildsettings -format binary -platform iphonesimulator -o /Users/mohamedhammam/Library/Developer/Xcode/DerivedData/Jahez-czbmduqebztgdbbwlwlnxdsizxuv/Build/Products/Debug-iphonesimulator/Alamofire_Alamofire.bundle/Info.plist

SwiftDriver JahezTests normal arm64 com.apple.xcode.tools.swift.compiler (in target 'JahezTests' from project 'Jahez')
    cd /Users/mohamedhammam/Desktop/personal/Work/Jahez
    builtin-SwiftDriver -- /Applications/Xcode.app/Contents/Developer/Toolchains/XcodeDefault.xctoolchain/usr/bin/swiftc -module-name JahezTests -Onone @/Users/mohamedhammam/Library/Developer/Xcode/DerivedData/Jahez-czbmduqebztgdbbwlwlnxdsizxuv/Build/Intermediates.noindex/Jahez.build/Debug-iphonesimulator/JahezTests.build/Objects-normal/arm64/JahezTests.SwiftFileList -DDEBUG -DDEBUG -Xcc -fmodule-map-file\=/Users/mohamedhammam/Library/Developer/Xcode/DerivedData/Jahez-czbmduqebztgdbbwlwlnxdsizxuv/Build/Intermediates.noindex/GeneratedModuleMaps-iphonesimulator/s2geometry.modulemap -Xcc -fmodule-map-file\=/Users/mohamedhammam/Library/Developer/Xcode/DerivedData/Jahez-czbmduqebztgdbbwlwlnxdsizxuv/Build/Intermediates.noindex/GeneratedModuleMaps-iphonesimulator/Bid.modulemap -Xcc -fmodule-map-file\=/Users/mohamedhammam/Library/Developer/Xcode/DerivedData/Jahez-czbmduqebztgdbbwlwlnxdsizxuv/Build/Intermediates.noindex/GeneratedModuleMaps-iphonesimulator/RealmCoreResources.modulemap -Xcc -fmodule-map-file\=/Users/mohamedhammam/Library/Developer/Xcode/DerivedData/Jahez-czbmduqebztgdbbwlwlnxdsizxuv/Build/Intermediates.noindex/GeneratedModuleMaps-iphonesimulator/s2geometry.modulemap -Xcc -fmodule-map-file\=/Users/mohamedhammam/Library/Developer/Xcode/DerivedData/Jahez-czbmduqebztgdbbwlwlnxdsizxuv/Build/Intermediates.noindex/GeneratedModuleMaps-iphonesimulator/Bid.modulemap -Xcc -fmodule-map-file\=/Users/mohamedhammam/Library/Developer/Xcode/DerivedData/Jahez-czbmduqebztgdbbwlwlnxdsizxuv/Build/Intermediates.noindex/GeneratedModuleMaps-iphonesimulator/RealmCoreResources.modulemap -plugin-path /Applications/Xcode.app/Contents/Developer/Toolchains/XcodeDefault.xctoolchain/usr/lib/swift/host/plugins/testing -default-isolation\=MainActor -enable-bare-slash-regex -enable-upcoming-feature DisableOutwardActorInference -enable-upcoming-feature InferSendableFromCaptures -enable-upcoming-feature GlobalActorIsolatedTypesUsability -enable-upcoming-feature MemberImportVisibility -enable-upcoming-feature InferIsolatedConformances -enable-upcoming-feature NonisolatedNonsendingByDefault -enable-experimental-feature DebugDescriptionMacro -sdk /Applications/Xcode.app/Contents/Developer/Platforms/iPhoneSimulator.platform/Developer/SDKs/iPhoneSimulator26.4.sdk -target arm64-apple-ios26.4-simulator -g -module-cache-path /Users/mohamedhammam/Library/Developer/Xcode/DerivedData/ModuleCache.noindex -Xfrontend -serialize-debugging-options -profile-coverage-mapping -profile-generate -enable-testing -index-store-path /Users/mohamedhammam/Library/Developer/Xcode/DerivedData/Jahez-czbmduqebztgdbbwlwlnxdsizxuv/Index.noindex/DataStore -Xcc -D_LIBCPP_HARDENING_MODE\=_LIBCPP_HARDENING_MODE_DEBUG -swift-version 5 -I /Users/mohamedhammam/Library/Developer/Xcode/DerivedData/Jahez-czbmduqebztgdbbwlwlnxdsizxuv/Build/Products/Debug-iphonesimulator -Isystem /Applications/Xcode.app/Contents/Developer/Platforms/iPhoneSimulator.platform/Developer/usr/lib -F /Users/mohamedhammam/Library/Developer/Xcode/DerivedData/Jahez-czbmduqebztgdbbwlwlnxdsizxuv/Build/Products/Debug-iphonesimulator/PackageFrameworks -F /Users/mohamedhammam/Library/Developer/Xcode/DerivedData/Jahez-czbmduqebztgdbbwlwlnxdsizxuv/Build/Products/Debug-iphonesimulator/PackageFrameworks -F /Users/mohamedhammam/Library/Developer/Xcode/DerivedData/Jahez-czbmduqebztgdbbwlwlnxdsizxuv/Build/Products/Debug-iphonesimulator/PackageFrameworks -F /Users/mohamedhammam/Library/Developer/Xcode/DerivedData/Jahez-czbmduqebztgdbbwlwlnxdsizxuv/Build/Products/Debug-iphonesimulator/PackageFrameworks -F /Users/mohamedhammam/Library/Developer/Xcode/DerivedData/Jahez-czbmduqebztgdbbwlwlnxdsizxuv/Build/Products/Debug-iphonesimulator/PackageFrameworks -F /Users/mohamedhammam/Library/Developer/Xcode/DerivedData/Jahez-czbmduqebztgdbbwlwlnxdsizxuv/Build/Products/Debug-iphonesimulator/PackageFrameworks -F /Users/mohamedhammam/Library/Developer/Xcode/DerivedData/Jahez-czbmduqebztgdbbwlwlnxdsizxuv/Build/Products/Debug-iphonesimulator/PackageFrameworks -F /Users/mohamedhammam/Library/Developer/Xcode/DerivedData/Jahez-czbmduqebztgdbbwlwlnxdsizxuv/Build/Products/Debug-iphonesimulator/PackageFrameworks -F /Users/mohamedhammam/Library/Developer/Xcode/DerivedData/Jahez-czbmduqebztgdbbwlwlnxdsizxuv/Build/Products/Debug-iphonesimulator/PackageFrameworks -F /Users/mohamedhammam/Library/Developer/Xcode/DerivedData/Jahez-czbmduqebztgdbbwlwlnxdsizxuv/Build/Products/Debug-iphonesimulator/PackageFrameworks -F /Users/mohamedhammam/Library/Developer/Xcode/DerivedData/Jahez-czbmduqebztgdbbwlwlnxdsizxuv/Build/Products/Debug-iphonesimulator/PackageFrameworks -F /Users/mohamedhammam/Library/Developer/Xcode/DerivedData/Jahez-czbmduqebztgdbbwlwlnxdsizxuv/Build/Products/Debug-iphonesimulator/PackageFrameworks -F /Users/mohamedhammam/Library/Developer/Xcode/DerivedData/Jahez-czbmduqebztgdbbwlwlnxdsizxuv/Build/Products/Debug-iphonesimulator/PackageFrameworks -F /Users/mohamedhammam/Library/Developer/Xcode/DerivedData/Jahez-czbmduqebztgdbbwlwlnxdsizxuv/Build/Products/Debug-iphonesimulator/PackageFrameworks -F /Users/mohamedhammam/Library/Developer/Xcode/DerivedData/Jahez-czbmduqebztgdbbwlwlnxdsizxuv/Build/Products/Debug-iphonesimulator/PackageFrameworks -F /Users/mohamedhammam/Library/Developer/Xcode/DerivedData/Jahez-czbmduqebztgdbbwlwlnxdsizxuv/Build/Products/Debug-iphonesimulator/PackageFrameworks -F /Users/mohamedhammam/Library/Developer/Xcode/DerivedData/Jahez-czbmduqebztgdbbwlwlnxdsizxuv/Build/Products/Debug-iphonesimulator -F /Applications/Xcode.app/Contents/Developer/Platforms/iPhoneSimulator.platform/Developer/Library/Frameworks -F /Applications/Xcode.app/Contents/Developer/Platforms/iPhoneSimulator.platform/Developer/SDKs/iPhoneSimulator26.4.sdk/Developer/Library/Frameworks -c -j8 -enable-batch-mode -incremental -Xcc -ivfsstatcache -Xcc /Users/mohamedhammam/Library/Developer/Xcode/DerivedData/SDKStatCaches.noindex/iphonesimulator26.4-23E237-686eebb5dc1d8ecb277353a59184f4aa.sdkstatcache -output-file-map /Users/mohamedhammam/Library/Developer/Xcode/DerivedData/Jahez-czbmduqebztgdbbwlwlnxdsizxuv/Build/Intermediates.noindex/Jahez.build/Debug-iphonesimulator/JahezTests.build/Objects-normal/arm64/JahezTests-OutputFileMap.json -use-frontend-parseable-output -save-temps -no-color-diagnostics -explicit-module-build -module-cache-path /Users/mohamedhammam/Library/Developer/Xcode/DerivedData/Jahez-czbmduqebztgdbbwlwlnxdsizxuv/Build/Intermediates.noindex/SwiftExplicitPrecompiledModules -clang-scanner-module-cache-path /Users/mohamedhammam/Library/Developer/Xcode/DerivedData/ModuleCache.noindex -sdk-module-cache-path /Users/mohamedhammam/Library/Developer/Xcode/DerivedData/ModuleCache.noindex -serialize-diagnostics -emit-dependencies -emit-module -emit-module-path /Users/mohamedhammam/Library/Developer/Xcode/DerivedData/Jahez-czbmduqebztgdbbwlwlnxdsizxuv/Build/Intermediates.noindex/Jahez.build/Debug-iphonesimulator/JahezTests.build/Objects-normal/arm64/JahezTests.swiftmodule -validate-clang-modules-once -clang-build-session-file /Users/mohamedhammam/Library/Developer/Xcode/DerivedData/ModuleCache.noindex/Session.modulevalidation -Xcc -I/Users/mohamedhammam/Library/Developer/Xcode/DerivedData/Jahez-czbmduqebztgdbbwlwlnxdsizxuv/Build/Intermediates.noindex/Jahez.build/Debug-iphonesimulator/JahezTests.build/swift-overrides.hmap -emit-const-values -Xfrontend -const-gather-protocols-file -Xfrontend /Users/mohamedhammam/Library/Developer/Xcode/DerivedData/Jahez-czbmduqebztgdbbwlwlnxdsizxuv/Build/Intermediates.noindex/Jahez.build/Debug-iphonesimulator/JahezTests.build/Objects-normal/arm64/JahezTests_const_extract_protocols.json -Xcc -iquote -Xcc /Users/mohamedhammam/Library/Developer/Xcode/DerivedData/Jahez-czbmduqebztgdbbwlwlnxdsizxuv/Build/Intermediates.noindex/Jahez.build/Debug-iphonesimulator/JahezTests.build/JahezTests-generated-files.hmap -Xcc -I/Users/mohamedhammam/Library/Developer/Xcode/DerivedData/Jahez-czbmduqebztgdbbwlwlnxdsizxuv/Build/Intermediates.noindex/Jahez.build/Debug-iphonesimulator/JahezTests.build/JahezTests-own-target-headers.hmap -Xcc -I/Users/mohamedhammam/Library/Developer/Xcode/DerivedData/Jahez-czbmduqebztgdbbwlwlnxdsizxuv/Build/Intermediates.noindex/Jahez.build/Debug-iphonesimulator/JahezTests.build/JahezTests-all-non-framework-target-headers.hmap -Xcc -ivfsoverlay -Xcc /Users/mohamedhammam/Library/Developer/Xcode/DerivedData/Jahez-czbmduqebztgdbbwlwlnxdsizxuv/Build/Intermediates.noindex/Jahez.build/Debug-iphonesimulator/Jahez-6b1454919ff28b27ed20c798f3f9f9f3-VFS-iphonesimulator/all-product-headers.yaml -Xcc -iquote -Xcc /Users/mohamedhammam/Library/Developer/Xcode/DerivedData/Jahez-czbmduqebztgdbbwlwlnxdsizxuv/Build/Intermediates.noindex/Jahez.build/Debug-iphonesimulator/JahezTests.build/JahezTests-project-headers.hmap -Xcc -I/Users/mohamedhammam/Library/Developer/Xcode/DerivedData/Jahez-czbmduqebztgdbbwlwlnxdsizxuv/SourcePackages/checkouts/realm-core/src -Xcc -I/Users/mohamedhammam/Library/Developer/Xcode/DerivedData/Jahez-czbmduqebztgdbbwlwlnxdsizxuv/SourcePackages/checkouts/realm-core/src/external/s2 -Xcc -I/Users/mohamedhammam/Library/Developer/Xcode/DerivedData/Jahez-czbmduqebztgdbbwlwlnxdsizxuv/SourcePackages/checkouts/realm-core/src/external/IntelRDFPMathLib20U2/LIBRARY/src -Xcc -I/Users/mohamedhammam/Library/Developer/Xcode/DerivedData/Jahez-czbmduqebztgdbbwlwlnxdsizxuv/SourcePackages/checkouts/realm-core/src/spm -Xcc -I/Users/mohamedhammam/Library/Developer/Xcode/DerivedData/Jahez-czbmduqebztgdbbwlwlnxdsizxuv/SourcePackages/checkouts/realm-swift/include -Xcc -I/Users/mohamedhammam/Library/Developer/Xcode/DerivedData/Jahez-czbmduqebztgdbbwlwlnxdsizxuv/SourcePackages/checkouts/realm-core/src -Xcc -I/Users/mohamedhammam/Library/Developer/Xcode/DerivedData/Jahez-czbmduqebztgdbbwlwlnxdsizxuv/SourcePackages/checkouts/realm-core/src/external/s2 -Xcc -I/Users/mohamedhammam/Library/Developer/Xcode/DerivedData/Jahez-czbmduqebztgdbbwlwlnxdsizxuv/SourcePackages/checkouts/realm-core/src/external/IntelRDFPMathLib20U2/LIBRARY/src -Xcc -I/Users/mohamedhammam/Library/Developer/Xcode/DerivedData/Jahez-czbmduqebztgdbbwlwlnxdsizxuv/SourcePackages/checkouts/realm-core/src/spm -Xcc -I/Users/mohamedhammam/Library/Developer/Xcode/DerivedData/Jahez-czbmduqebztgdbbwlwlnxdsizxuv/SourcePackages/checkouts/realm-swift/include -Xcc -I/Users/mohamedhammam/Library/Developer/Xcode/DerivedData/Jahez-czbmduqebztgdbbwlwlnxdsizxuv/Build/Products/Debug-iphonesimulator/include -Xcc -I/Users/mohamedhammam/Library/Developer/Xcode/DerivedData/Jahez-czbmduqebztgdbbwlwlnxdsizxuv/Build/Intermediates.noindex/Jahez.build/Debug-iphonesimulator/JahezTests.build/DerivedSources-normal/arm64 -Xcc -I/Users/mohamedhammam/Library/Developer/Xcode/DerivedData/Jahez-czbmduqebztgdbbwlwlnxdsizxuv/Build/Intermediates.noindex/Jahez.build/Debug-iphonesimulator/JahezTests.build/DerivedSources/arm64 -Xcc -I/Users/mohamedhammam/Library/Developer/Xcode/DerivedData/Jahez-czbmduqebztgdbbwlwlnxdsizxuv/Build/Intermediates.noindex/Jahez.build/Debug-iphonesimulator/JahezTests.build/DerivedSources -Xcc -DDEBUG\=1 -emit-objc-header -emit-objc-header-path /Users/mohamedhammam/Library/Developer/Xcode/DerivedData/Jahez-czbmduqebztgdbbwlwlnxdsizxuv/Build/Intermediates.noindex/Jahez.build/Debug-iphonesimulator/JahezTests.build/Objects-normal/arm64/JahezTests-Swift.h -working-directory /Users/mohamedhammam/Desktop/personal/Work/Jahez -experimental-emit-module-separately -disable-cmo

ProcessInfoPlistFile /Users/mohamedhammam/Library/Developer/Xcode/DerivedData/Jahez-czbmduqebztgdbbwlwlnxdsizxuv/Build/Products/Debug-iphonesimulator/PackageFrameworks/Alamofire_-213FC01918BCE467_PackageProduct.framework/Info.plist /Users/mohamedhammam/Library/Developer/Xcode/DerivedData/Jahez-czbmduqebztgdbbwlwlnxdsizxuv/Build/Intermediates.noindex/Alamofire.build/Debug-iphonesimulator/Alamofire\ product.build/empty-Alamofire_-213FC01918BCE467_PackageProduct.plist (in target 'Alamofire' from project 'Alamofire')
    cd /Users/mohamedhammam/Library/Developer/Xcode/DerivedData/Jahez-czbmduqebztgdbbwlwlnxdsizxuv/SourcePackages/checkouts/Alamofire
    builtin-infoPlistUtility /Users/mohamedhammam/Library/Developer/Xcode/DerivedData/Jahez-czbmduqebztgdbbwlwlnxdsizxuv/Build/Intermediates.noindex/Alamofire.build/Debug-iphonesimulator/Alamofire\ product.build/empty-Alamofire_-213FC01918BCE467_PackageProduct.plist -producttype com.apple.product-type.framework -expandbuildsettings -format binary -platform iphonesimulator -o /Users/mohamedhammam/Library/Developer/Xcode/DerivedData/Jahez-czbmduqebztgdbbwlwlnxdsizxuv/Build/Products/Debug-iphonesimulator/PackageFrameworks/Alamofire_-213FC01918BCE467_PackageProduct.framework/Info.plist

ProcessInfoPlistFile /Users/mohamedhammam/Library/Developer/Xcode/DerivedData/Jahez-czbmduqebztgdbbwlwlnxdsizxuv/Build/Products/Debug-iphonesimulator/PackageFrameworks/RealmSwift.framework/Info.plist /Users/mohamedhammam/Library/Developer/Xcode/DerivedData/Jahez-czbmduqebztgdbbwlwlnxdsizxuv/Build/Intermediates.noindex/Realm.build/Debug-iphonesimulator/RealmSwift\ product.build/empty-RealmSwift.plist (in target 'RealmSwift' from project 'Realm')
    cd /Users/mohamedhammam/Library/Developer/Xcode/DerivedData/Jahez-czbmduqebztgdbbwlwlnxdsizxuv/SourcePackages/checkouts/realm-swift
    builtin-infoPlistUtility /Users/mohamedhammam/Library/Developer/Xcode/DerivedData/Jahez-czbmduqebztgdbbwlwlnxdsizxuv/Build/Intermediates.noindex/Realm.build/Debug-iphonesimulator/RealmSwift\ product.build/empty-RealmSwift.plist -producttype com.apple.product-type.framework -expandbuildsettings -format binary -platform iphonesimulator -o /Users/mohamedhammam/Library/Developer/Xcode/DerivedData/Jahez-czbmduqebztgdbbwlwlnxdsizxuv/Build/Products/Debug-iphonesimulator/PackageFrameworks/RealmSwift.framework/Info.plist

ProcessInfoPlistFile /Users/mohamedhammam/Library/Developer/Xcode/DerivedData/Jahez-czbmduqebztgdbbwlwlnxdsizxuv/Build/Products/Debug-iphonesimulator/PackageFrameworks/Kingfisher_-752BB08CEC25C0EC_PackageProduct.framework/Info.plist /Users/mohamedhammam/Library/Developer/Xcode/DerivedData/Jahez-czbmduqebztgdbbwlwlnxdsizxuv/Build/Intermediates.noindex/Kingfisher.build/Debug-iphonesimulator/Kingfisher\ product.build/empty-Kingfisher_-752BB08CEC25C0EC_PackageProduct.plist (in target 'Kingfisher' from project 'Kingfisher')
    cd /Users/mohamedhammam/Library/Developer/Xcode/DerivedData/Jahez-czbmduqebztgdbbwlwlnxdsizxuv/SourcePackages/checkouts/Kingfisher
    builtin-infoPlistUtility /Users/mohamedhammam/Library/Developer/Xcode/DerivedData/Jahez-czbmduqebztgdbbwlwlnxdsizxuv/Build/Intermediates.noindex/Kingfisher.build/Debug-iphonesimulator/Kingfisher\ product.build/empty-Kingfisher_-752BB08CEC25C0EC_PackageProduct.plist -producttype com.apple.product-type.framework -expandbuildsettings -format binary -platform iphonesimulator -o /Users/mohamedhammam/Library/Developer/Xcode/DerivedData/Jahez-czbmduqebztgdbbwlwlnxdsizxuv/Build/Products/Debug-iphonesimulator/PackageFrameworks/Kingfisher_-752BB08CEC25C0EC_PackageProduct.framework/Info.plist

ProcessInfoPlistFile /Users/mohamedhammam/Library/Developer/Xcode/DerivedData/Jahez-czbmduqebztgdbbwlwlnxdsizxuv/Build/Products/Debug-iphonesimulator/Jahez.app/Info.plist /Users/mohamedhammam/Library/Developer/Xcode/DerivedData/Jahez-czbmduqebztgdbbwlwlnxdsizxuv/Build/Intermediates.noindex/Jahez.build/Debug-iphonesimulator/Jahez.build/empty-Jahez.plist (in target 'Jahez' from project 'Jahez')
    cd /Users/mohamedhammam/Desktop/personal/Work/Jahez
    builtin-infoPlistUtility /Users/mohamedhammam/Library/Developer/Xcode/DerivedData/Jahez-czbmduqebztgdbbwlwlnxdsizxuv/Build/Intermediates.noindex/Jahez.build/Debug-iphonesimulator/Jahez.build/empty-Jahez.plist -producttype com.apple.product-type.application -genpkginfo /Users/mohamedhammam/Library/Developer/Xcode/DerivedData/Jahez-czbmduqebztgdbbwlwlnxdsizxuv/Build/Products/Debug-iphonesimulator/Jahez.app/PkgInfo -expandbuildsettings -format binary -platform iphonesimulator -additionalcontentfile /Users/mohamedhammam/Library/Developer/Xcode/DerivedData/Jahez-czbmduqebztgdbbwlwlnxdsizxuv/Build/Intermediates.noindex/Jahez.build/Debug-iphonesimulator/Jahez.build/assetcatalog_generated_info.plist -scanforprivacyfile /Users/mohamedhammam/Library/Developer/Xcode/DerivedData/Jahez-czbmduqebztgdbbwlwlnxdsizxuv/Build/Products/Debug-iphonesimulator/Jahez.app/Alamofire_Alamofire.bundle -scanforprivacyfile /Users/mohamedhammam/Library/Developer/Xcode/DerivedData/Jahez-czbmduqebztgdbbwlwlnxdsizxuv/Build/Products/Debug-iphonesimulator/Jahez.app/Frameworks/Alamofire_-213FC01918BCE467_PackageProduct.framework -scanforprivacyfile /Users/mohamedhammam/Library/Developer/Xcode/DerivedData/Jahez-czbmduqebztgdbbwlwlnxdsizxuv/Build/Products/Debug-iphonesimulator/Jahez.app/Frameworks/Kingfisher_-752BB08CEC25C0EC_PackageProduct.framework -scanforprivacyfile /Users/mohamedhammam/Library/Developer/Xcode/DerivedData/Jahez-czbmduqebztgdbbwlwlnxdsizxuv/Build/Products/Debug-iphonesimulator/Jahez.app/Kingfisher_Kingfisher.bundle -scanforprivacyfile /Users/mohamedhammam/Library/Developer/Xcode/DerivedData/Jahez-czbmduqebztgdbbwlwlnxdsizxuv/Build/Products/Debug-iphonesimulator/Jahez.app/RealmDatabase_RealmCoreResources.bundle -scanforprivacyfile /Users/mohamedhammam/Library/Developer/Xcode/DerivedData/Jahez-czbmduqebztgdbbwlwlnxdsizxuv/Build/Products/Debug-iphonesimulator/Jahez.app/Realm_Realm.bundle -scanforprivacyfile /Users/mohamedhammam/Library/Developer/Xcode/DerivedData/Jahez-czbmduqebztgdbbwlwlnxdsizxuv/Build/Products/Debug-iphonesimulator/Jahez.app/Realm_RealmSwift.bundle -o /Users/mohamedhammam/Library/Developer/Xcode/DerivedData/Jahez-czbmduqebztgdbbwlwlnxdsizxuv/Build/Products/Debug-iphonesimulator/Jahez.app/Info.plist

CopySwiftLibs /Users/mohamedhammam/Library/Developer/Xcode/DerivedData/Jahez-czbmduqebztgdbbwlwlnxdsizxuv/Build/Products/Debug-iphonesimulator/Jahez.app (in target 'Jahez' from project 'Jahez')
    cd /Users/mohamedhammam/Desktop/personal/Work/Jahez
    builtin-swiftStdLibTool --copy --verbose --sign - --scan-executable /Users/mohamedhammam/Library/Developer/Xcode/DerivedData/Jahez-czbmduqebztgdbbwlwlnxdsizxuv/Build/Products/Debug-iphonesimulator/Jahez.app/Jahez.debug.dylib --scan-folder /Users/mohamedhammam/Library/Developer/Xcode/DerivedData/Jahez-czbmduqebztgdbbwlwlnxdsizxuv/Build/Products/Debug-iphonesimulator/Jahez.app/Frameworks --scan-folder /Users/mohamedhammam/Library/Developer/Xcode/DerivedData/Jahez-czbmduqebztgdbbwlwlnxdsizxuv/Build/Products/Debug-iphonesimulator/Jahez.app/PlugIns --scan-folder /Users/mohamedhammam/Library/Developer/Xcode/DerivedData/Jahez-czbmduqebztgdbbwlwlnxdsizxuv/Build/Products/Debug-iphonesimulator/Jahez.app/SystemExtensions --scan-folder /Users/mohamedhammam/Library/Developer/Xcode/DerivedData/Jahez-czbmduqebztgdbbwlwlnxdsizxuv/Build/Products/Debug-iphonesimulator/Jahez.app/Extensions --scan-folder /Users/mohamedhammam/Library/Developer/Xcode/DerivedData/Jahez-czbmduqebztgdbbwlwlnxdsizxuv/Build/Products/Debug-iphonesimulator/PackageFrameworks/RealmSwift.framework --scan-folder /Users/mohamedhammam/Library/Developer/Xcode/DerivedData/Jahez-czbmduqebztgdbbwlwlnxdsizxuv/Build/Products/Debug-iphonesimulator/PackageFrameworks/Kingfisher_-752BB08CEC25C0EC_PackageProduct.framework --scan-folder /Users/mohamedhammam/Library/Developer/Xcode/DerivedData/Jahez-czbmduqebztgdbbwlwlnxdsizxuv/Build/Products/Debug-iphonesimulator/PackageFrameworks/Alamofire_-213FC01918BCE467_PackageProduct.framework --platform iphonesimulator --toolchain /Applications/Xcode.app/Contents/Developer/Toolchains/XcodeDefault.xctoolchain --destination /Users/mohamedhammam/Library/Developer/Xcode/DerivedData/Jahez-czbmduqebztgdbbwlwlnxdsizxuv/Build/Products/Debug-iphonesimulator/Jahez.app/Frameworks --strip-bitcode --strip-bitcode-tool /Applications/Xcode.app/Contents/Developer/Toolchains/XcodeDefault.xctoolchain/usr/bin/bitcode_strip --emit-dependency-info /Users/mohamedhammam/Library/Developer/Xcode/DerivedData/Jahez-czbmduqebztgdbbwlwlnxdsizxuv/Build/Intermediates.noindex/Jahez.build/Debug-iphonesimulator/Jahez.build/SwiftStdLibToolInputDependencies.dep --filter-for-swift-os

ProcessInfoPlistFile /Users/mohamedhammam/Library/Developer/Xcode/DerivedData/Jahez-czbmduqebztgdbbwlwlnxdsizxuv/Build/Products/Debug-iphonesimulator/Jahez.app/PlugIns/JahezTests.xctest/Info.plist /Users/mohamedhammam/Library/Developer/Xcode/DerivedData/Jahez-czbmduqebztgdbbwlwlnxdsizxuv/Build/Intermediates.noindex/Jahez.build/Debug-iphonesimulator/JahezTests.build/empty-JahezTests.plist (in target 'JahezTests' from project 'Jahez')
    cd /Users/mohamedhammam/Desktop/personal/Work/Jahez
    builtin-infoPlistUtility /Users/mohamedhammam/Library/Developer/Xcode/DerivedData/Jahez-czbmduqebztgdbbwlwlnxdsizxuv/Build/Intermediates.noindex/Jahez.build/Debug-iphonesimulator/JahezTests.build/empty-JahezTests.plist -producttype com.apple.product-type.bundle.unit-test -expandbuildsettings -format binary -platform iphonesimulator -scanforprivacyfile /Users/mohamedhammam/Library/Developer/Xcode/DerivedData/Jahez-czbmduqebztgdbbwlwlnxdsizxuv/Build/Products/Debug-iphonesimulator/Jahez.app/PlugIns/JahezTests.xctest/Alamofire_Alamofire.bundle -scanforprivacyfile /Users/mohamedhammam/Library/Developer/Xcode/DerivedData/Jahez-czbmduqebztgdbbwlwlnxdsizxuv/Build/Products/Debug-iphonesimulator/Jahez.app/PlugIns/JahezTests.xctest/Kingfisher_Kingfisher.bundle -scanforprivacyfile /Users/mohamedhammam/Library/Developer/Xcode/DerivedData/Jahez-czbmduqebztgdbbwlwlnxdsizxuv/Build/Products/Debug-iphonesimulator/Jahez.app/PlugIns/JahezTests.xctest/RealmDatabase_RealmCoreResources.bundle -scanforprivacyfile /Users/mohamedhammam/Library/Developer/Xcode/DerivedData/Jahez-czbmduqebztgdbbwlwlnxdsizxuv/Build/Products/Debug-iphonesimulator/Jahez.app/PlugIns/JahezTests.xctest/Realm_Realm.bundle -scanforprivacyfile /Users/mohamedhammam/Library/Developer/Xcode/DerivedData/Jahez-czbmduqebztgdbbwlwlnxdsizxuv/Build/Products/Debug-iphonesimulator/Jahez.app/PlugIns/JahezTests.xctest/Realm_RealmSwift.bundle -o /Users/mohamedhammam/Library/Developer/Xcode/DerivedData/Jahez-czbmduqebztgdbbwlwlnxdsizxuv/Build/Products/Debug-iphonesimulator/Jahez.app/PlugIns/JahezTests.xctest/Info.plist

CodeSign /Users/mohamedhammam/Library/Developer/Xcode/DerivedData/Jahez-czbmduqebztgdbbwlwlnxdsizxuv/Build/Products/Debug-iphonesimulator/Jahez.app/PlugIns/JahezTests.xctest/Frameworks/Kingfisher_-752BB08CEC25C0EC_PackageProduct.framework (in target 'JahezTests' from project 'Jahez')
    cd /Users/mohamedhammam/Desktop/personal/Work/Jahez
    
    Signing Identity:     "Sign to Run Locally"
    
    /usr/bin/codesign --force --sign - --timestamp\=none --preserve-metadata\=identifier,entitlements,flags --generate-entitlement-der /Users/mohamedhammam/Library/Developer/Xcode/DerivedData/Jahez-czbmduqebztgdbbwlwlnxdsizxuv/Build/Products/Debug-iphonesimulator/Jahez.app/PlugIns/JahezTests.xctest/Frameworks/Kingfisher_-752BB08CEC25C0EC_PackageProduct.framework
/Users/mohamedhammam/Library/Developer/Xcode/DerivedData/Jahez-czbmduqebztgdbbwlwlnxdsizxuv/Build/Products/Debug-iphonesimulator/Jahez.app/PlugIns/JahezTests.xctest/Frameworks/Kingfisher_-752BB08CEC25C0EC_PackageProduct.framework: replacing existing signature

CodeSign /Users/mohamedhammam/Library/Developer/Xcode/DerivedData/Jahez-czbmduqebztgdbbwlwlnxdsizxuv/Build/Products/Debug-iphonesimulator/Jahez.app/PlugIns/JahezTests.xctest/Frameworks/Alamofire_-213FC01918BCE467_PackageProduct.framework (in target 'JahezTests' from project 'Jahez')
    cd /Users/mohamedhammam/Desktop/personal/Work/Jahez
    
    Signing Identity:     "Sign to Run Locally"
    
    /usr/bin/codesign --force --sign - --timestamp\=none --preserve-metadata\=identifier,entitlements,flags --generate-entitlement-der /Users/mohamedhammam/Library/Developer/Xcode/DerivedData/Jahez-czbmduqebztgdbbwlwlnxdsizxuv/Build/Products/Debug-iphonesimulator/Jahez.app/PlugIns/JahezTests.xctest/Frameworks/Alamofire_-213FC01918BCE467_PackageProduct.framework
/Users/mohamedhammam/Library/Developer/Xcode/DerivedData/Jahez-czbmduqebztgdbbwlwlnxdsizxuv/Build/Products/Debug-iphonesimulator/Jahez.app/PlugIns/JahezTests.xctest/Frameworks/Alamofire_-213FC01918BCE467_PackageProduct.framework: replacing existing signature

SwiftEmitModule normal arm64 Emitting\ module\ for\ JahezTests (in target 'JahezTests' from project 'Jahez')

EmitSwiftModule normal arm64 (in target 'JahezTests' from project 'Jahez')
    cd /Users/mohamedhammam/Desktop/personal/Work/Jahez
    

SwiftCompile normal arm64 Compiling\ MoviesFlowViewModelTests.swift /Users/mohamedhammam/Desktop/personal/Work/Jahez/JahezTests/MoviesFlowViewModelTests.swift (in target 'JahezTests' from project 'Jahez')
SwiftCompile normal arm64 /Users/mohamedhammam/Desktop/personal/Work/Jahez/JahezTests/MoviesFlowViewModelTests.swift (in target 'JahezTests' from project 'Jahez')
    cd /Users/mohamedhammam/Desktop/personal/Work/Jahez
    

SwiftDriverJobDiscovery normal arm64 Emitting module for JahezTests (in target 'JahezTests' from project 'Jahez')

SwiftDriver\ Compilation\ Requirements JahezTests normal arm64 com.apple.xcode.tools.swift.compiler (in target 'JahezTests' from project 'Jahez')
    cd /Users/mohamedhammam/Desktop/personal/Work/Jahez
    builtin-Swift-Compilation-Requirements -- /Applications/Xcode.app/Contents/Developer/Toolchains/XcodeDefault.xctoolchain/usr/bin/swiftc -module-name JahezTests -Onone @/Users/mohamedhammam/Library/Developer/Xcode/DerivedData/Jahez-czbmduqebztgdbbwlwlnxdsizxuv/Build/Intermediates.noindex/Jahez.build/Debug-iphonesimulator/JahezTests.build/Objects-normal/arm64/JahezTests.SwiftFileList -DDEBUG -DDEBUG -Xcc -fmodule-map-file\=/Users/mohamedhammam/Library/Developer/Xcode/DerivedData/Jahez-czbmduqebztgdbbwlwlnxdsizxuv/Build/Intermediates.noindex/GeneratedModuleMaps-iphonesimulator/s2geometry.modulemap -Xcc -fmodule-map-file\=/Users/mohamedhammam/Library/Developer/Xcode/DerivedData/Jahez-czbmduqebztgdbbwlwlnxdsizxuv/Build/Intermediates.noindex/GeneratedModuleMaps-iphonesimulator/Bid.modulemap -Xcc -fmodule-map-file\=/Users/mohamedhammam/Library/Developer/Xcode/DerivedData/Jahez-czbmduqebztgdbbwlwlnxdsizxuv/Build/Intermediates.noindex/GeneratedModuleMaps-iphonesimulator/RealmCoreResources.modulemap -Xcc -fmodule-map-file\=/Users/mohamedhammam/Library/Developer/Xcode/DerivedData/Jahez-czbmduqebztgdbbwlwlnxdsizxuv/Build/Intermediates.noindex/GeneratedModuleMaps-iphonesimulator/s2geometry.modulemap -Xcc -fmodule-map-file\=/Users/mohamedhammam/Library/Developer/Xcode/DerivedData/Jahez-czbmduqebztgdbbwlwlnxdsizxuv/Build/Intermediates.noindex/GeneratedModuleMaps-iphonesimulator/Bid.modulemap -Xcc -fmodule-map-file\=/Users/mohamedhammam/Library/Developer/Xcode/DerivedData/Jahez-czbmduqebztgdbbwlwlnxdsizxuv/Build/Intermediates.noindex/GeneratedModuleMaps-iphonesimulator/RealmCoreResources.modulemap -plugin-path /Applications/Xcode.app/Contents/Developer/Toolchains/XcodeDefault.xctoolchain/usr/lib/swift/host/plugins/testing -default-isolation\=MainActor -enable-bare-slash-regex -enable-upcoming-feature DisableOutwardActorInference -enable-upcoming-feature InferSendableFromCaptures -enable-upcoming-feature GlobalActorIsolatedTypesUsability -enable-upcoming-feature MemberImportVisibility -enable-upcoming-feature InferIsolatedConformances -enable-upcoming-feature NonisolatedNonsendingByDefault -enable-experimental-feature DebugDescriptionMacro -sdk /Applications/Xcode.app/Contents/Developer/Platforms/iPhoneSimulator.platform/Developer/SDKs/iPhoneSimulator26.4.sdk -target arm64-apple-ios26.4-simulator -g -module-cache-path /Users/mohamedhammam/Library/Developer/Xcode/DerivedData/ModuleCache.noindex -Xfrontend -serialize-debugging-options -profile-coverage-mapping -profile-generate -enable-testing -index-store-path /Users/mohamedhammam/Library/Developer/Xcode/DerivedData/Jahez-czbmduqebztgdbbwlwlnxdsizxuv/Index.noindex/DataStore -Xcc -D_LIBCPP_HARDENING_MODE\=_LIBCPP_HARDENING_MODE_DEBUG -swift-version 5 -I /Users/mohamedhammam/Library/Developer/Xcode/DerivedData/Jahez-czbmduqebztgdbbwlwlnxdsizxuv/Build/Products/Debug-iphonesimulator -Isystem /Applications/Xcode.app/Contents/Developer/Platforms/iPhoneSimulator.platform/Developer/usr/lib -F /Users/mohamedhammam/Library/Developer/Xcode/DerivedData/Jahez-czbmduqebztgdbbwlwlnxdsizxuv/Build/Products/Debug-iphonesimulator/PackageFrameworks -F /Users/mohamedhammam/Library/Developer/Xcode/DerivedData/Jahez-czbmduqebztgdbbwlwlnxdsizxuv/Build/Products/Debug-iphonesimulator/PackageFrameworks -F /Users/mohamedhammam/Library/Developer/Xcode/DerivedData/Jahez-czbmduqebztgdbbwlwlnxdsizxuv/Build/Products/Debug-iphonesimulator/PackageFrameworks -F /Users/mohamedhammam/Library/Developer/Xcode/DerivedData/Jahez-czbmduqebztgdbbwlwlnxdsizxuv/Build/Products/Debug-iphonesimulator/PackageFrameworks -F /Users/mohamedhammam/Library/Developer/Xcode/DerivedData/Jahez-czbmduqebztgdbbwlwlnxdsizxuv/Build/Products/Debug-iphonesimulator/PackageFrameworks -F /Users/mohamedhammam/Library/Developer/Xcode/DerivedData/Jahez-czbmduqebztgdbbwlwlnxdsizxuv/Build/Products/Debug-iphonesimulator/PackageFrameworks -F /Users/mohamedhammam/Library/Developer/Xcode/DerivedData/Jahez-czbmduqebztgdbbwlwlnxdsizxuv/Build/Products/Debug-iphonesimulator/PackageFrameworks -F /Users/mohamedhammam/Library/Developer/Xcode/DerivedData/Jahez-czbmduqebztgdbbwlwlnxdsizxuv/Build/Products/Debug-iphonesimulator/PackageFrameworks -F /Users/mohamedhammam/Library/Developer/Xcode/DerivedData/Jahez-czbmduqebztgdbbwlwlnxdsizxuv/Build/Products/Debug-iphonesimulator/PackageFrameworks -F /Users/mohamedhammam/Library/Developer/Xcode/DerivedData/Jahez-czbmduqebztgdbbwlwlnxdsizxuv/Build/Products/Debug-iphonesimulator/PackageFrameworks -F /Users/mohamedhammam/Library/Developer/Xcode/DerivedData/Jahez-czbmduqebztgdbbwlwlnxdsizxuv/Build/Products/Debug-iphonesimulator/PackageFrameworks -F /Users/mohamedhammam/Library/Developer/Xcode/DerivedData/Jahez-czbmduqebztgdbbwlwlnxdsizxuv/Build/Products/Debug-iphonesimulator/PackageFrameworks -F /Users/mohamedhammam/Library/Developer/Xcode/DerivedData/Jahez-czbmduqebztgdbbwlwlnxdsizxuv/Build/Products/Debug-iphonesimulator/PackageFrameworks -F /Users/mohamedhammam/Library/Developer/Xcode/DerivedData/Jahez-czbmduqebztgdbbwlwlnxdsizxuv/Build/Products/Debug-iphonesimulator/PackageFrameworks -F /Users/mohamedhammam/Library/Developer/Xcode/DerivedData/Jahez-czbmduqebztgdbbwlwlnxdsizxuv/Build/Products/Debug-iphonesimulator/PackageFrameworks -F /Users/mohamedhammam/Library/Developer/Xcode/DerivedData/Jahez-czbmduqebztgdbbwlwlnxdsizxuv/Build/Products/Debug-iphonesimulator/PackageFrameworks -F /Users/mohamedhammam/Library/Developer/Xcode/DerivedData/Jahez-czbmduqebztgdbbwlwlnxdsizxuv/Build/Products/Debug-iphonesimulator -F /Applications/Xcode.app/Contents/Developer/Platforms/iPhoneSimulator.platform/Developer/Library/Frameworks -F /Applications/Xcode.app/Contents/Developer/Platforms/iPhoneSimulator.platform/Developer/SDKs/iPhoneSimulator26.4.sdk/Developer/Library/Frameworks -c -j8 -enable-batch-mode -incremental -Xcc -ivfsstatcache -Xcc /Users/mohamedhammam/Library/Developer/Xcode/DerivedData/SDKStatCaches.noindex/iphonesimulator26.4-23E237-686eebb5dc1d8ecb277353a59184f4aa.sdkstatcache -output-file-map /Users/mohamedhammam/Library/Developer/Xcode/DerivedData/Jahez-czbmduqebztgdbbwlwlnxdsizxuv/Build/Intermediates.noindex/Jahez.build/Debug-iphonesimulator/JahezTests.build/Objects-normal/arm64/JahezTests-OutputFileMap.json -use-frontend-parseable-output -save-temps -no-color-diagnostics -explicit-module-build -module-cache-path /Users/mohamedhammam/Library/Developer/Xcode/DerivedData/Jahez-czbmduqebztgdbbwlwlnxdsizxuv/Build/Intermediates.noindex/SwiftExplicitPrecompiledModules -clang-scanner-module-cache-path /Users/mohamedhammam/Library/Developer/Xcode/DerivedData/ModuleCache.noindex -sdk-module-cache-path /Users/mohamedhammam/Library/Developer/Xcode/DerivedData/ModuleCache.noindex -serialize-diagnostics -emit-dependencies -emit-module -emit-module-path /Users/mohamedhammam/Library/Developer/Xcode/DerivedData/Jahez-czbmduqebztgdbbwlwlnxdsizxuv/Build/Intermediates.noindex/Jahez.build/Debug-iphonesimulator/JahezTests.build/Objects-normal/arm64/JahezTests.swiftmodule -validate-clang-modules-once -clang-build-session-file /Users/mohamedhammam/Library/Developer/Xcode/DerivedData/ModuleCache.noindex/Session.modulevalidation -Xcc -I/Users/mohamedhammam/Library/Developer/Xcode/DerivedData/Jahez-czbmduqebztgdbbwlwlnxdsizxuv/Build/Intermediates.noindex/Jahez.build/Debug-iphonesimulator/JahezTests.build/swift-overrides.hmap -emit-const-values -Xfrontend -const-gather-protocols-file -Xfrontend /Users/mohamedhammam/Library/Developer/Xcode/DerivedData/Jahez-czbmduqebztgdbbwlwlnxdsizxuv/Build/Intermediates.noindex/Jahez.build/Debug-iphonesimulator/JahezTests.build/Objects-normal/arm64/JahezTests_const_extract_protocols.json -Xcc -iquote -Xcc /Users/mohamedhammam/Library/Developer/Xcode/DerivedData/Jahez-czbmduqebztgdbbwlwlnxdsizxuv/Build/Intermediates.noindex/Jahez.build/Debug-iphonesimulator/JahezTests.build/JahezTests-generated-files.hmap -Xcc -I/Users/mohamedhammam/Library/Developer/Xcode/DerivedData/Jahez-czbmduqebztgdbbwlwlnxdsizxuv/Build/Intermediates.noindex/Jahez.build/Debug-iphonesimulator/JahezTests.build/JahezTests-own-target-headers.hmap -Xcc -I/Users/mohamedhammam/Library/Developer/Xcode/DerivedData/Jahez-czbmduqebztgdbbwlwlnxdsizxuv/Build/Intermediates.noindex/Jahez.build/Debug-iphonesimulator/JahezTests.build/JahezTests-all-non-framework-target-headers.hmap -Xcc -ivfsoverlay -Xcc /Users/mohamedhammam/Library/Developer/Xcode/DerivedData/Jahez-czbmduqebztgdbbwlwlnxdsizxuv/Build/Intermediates.noindex/Jahez.build/Debug-iphonesimulator/Jahez-6b1454919ff28b27ed20c798f3f9f9f3-VFS-iphonesimulator/all-product-headers.yaml -Xcc -iquote -Xcc /Users/mohamedhammam/Library/Developer/Xcode/DerivedData/Jahez-czbmduqebztgdbbwlwlnxdsizxuv/Build/Intermediates.noindex/Jahez.build/Debug-iphonesimulator/JahezTests.build/JahezTests-project-headers.hmap -Xcc -I/Users/mohamedhammam/Library/Developer/Xcode/DerivedData/Jahez-czbmduqebztgdbbwlwlnxdsizxuv/SourcePackages/checkouts/realm-core/src -Xcc -I/Users/mohamedhammam/Library/Developer/Xcode/DerivedData/Jahez-czbmduqebztgdbbwlwlnxdsizxuv/SourcePackages/checkouts/realm-core/src/external/s2 -Xcc -I/Users/mohamedhammam/Library/Developer/Xcode/DerivedData/Jahez-czbmduqebztgdbbwlwlnxdsizxuv/SourcePackages/checkouts/realm-core/src/external/IntelRDFPMathLib20U2/LIBRARY/src -Xcc -I/Users/mohamedhammam/Library/Developer/Xcode/DerivedData/Jahez-czbmduqebztgdbbwlwlnxdsizxuv/SourcePackages/checkouts/realm-core/src/spm -Xcc -I/Users/mohamedhammam/Library/Developer/Xcode/DerivedData/Jahez-czbmduqebztgdbbwlwlnxdsizxuv/SourcePackages/checkouts/realm-swift/include -Xcc -I/Users/mohamedhammam/Library/Developer/Xcode/DerivedData/Jahez-czbmduqebztgdbbwlwlnxdsizxuv/SourcePackages/checkouts/realm-core/src -Xcc -I/Users/mohamedhammam/Library/Developer/Xcode/DerivedData/Jahez-czbmduqebztgdbbwlwlnxdsizxuv/SourcePackages/checkouts/realm-core/src/external/s2 -Xcc -I/Users/mohamedhammam/Library/Developer/Xcode/DerivedData/Jahez-czbmduqebztgdbbwlwlnxdsizxuv/SourcePackages/checkouts/realm-core/src/external/IntelRDFPMathLib20U2/LIBRARY/src -Xcc -I/Users/mohamedhammam/Library/Developer/Xcode/DerivedData/Jahez-czbmduqebztgdbbwlwlnxdsizxuv/SourcePackages/checkouts/realm-core/src/spm -Xcc -I/Users/mohamedhammam/Library/Developer/Xcode/DerivedData/Jahez-czbmduqebztgdbbwlwlnxdsizxuv/SourcePackages/checkouts/realm-swift/include -Xcc -I/Users/mohamedhammam/Library/Developer/Xcode/DerivedData/Jahez-czbmduqebztgdbbwlwlnxdsizxuv/Build/Products/Debug-iphonesimulator/include -Xcc -I/Users/mohamedhammam/Library/Developer/Xcode/DerivedData/Jahez-czbmduqebztgdbbwlwlnxdsizxuv/Build/Intermediates.noindex/Jahez.build/Debug-iphonesimulator/JahezTests.build/DerivedSources-normal/arm64 -Xcc -I/Users/mohamedhammam/Library/Developer/Xcode/DerivedData/Jahez-czbmduqebztgdbbwlwlnxdsizxuv/Build/Intermediates.noindex/Jahez.build/Debug-iphonesimulator/JahezTests.build/DerivedSources/arm64 -Xcc -I/Users/mohamedhammam/Library/Developer/Xcode/DerivedData/Jahez-czbmduqebztgdbbwlwlnxdsizxuv/Build/Intermediates.noindex/Jahez.build/Debug-iphonesimulator/JahezTests.build/DerivedSources -Xcc -DDEBUG\=1 -emit-objc-header -emit-objc-header-path /Users/mohamedhammam/Library/Developer/Xcode/DerivedData/Jahez-czbmduqebztgdbbwlwlnxdsizxuv/Build/Intermediates.noindex/Jahez.build/Debug-iphonesimulator/JahezTests.build/Objects-normal/arm64/JahezTests-Swift.h -working-directory /Users/mohamedhammam/Desktop/personal/Work/Jahez -experimental-emit-module-separately -disable-cmo

Copy /Users/mohamedhammam/Library/Developer/Xcode/DerivedData/Jahez-czbmduqebztgdbbwlwlnxdsizxuv/Build/Products/Debug-iphonesimulator/JahezTests.swiftmodule/Project/arm64-apple-ios-simulator.swiftsourceinfo /Users/mohamedhammam/Library/Developer/Xcode/DerivedData/Jahez-czbmduqebztgdbbwlwlnxdsizxuv/Build/Intermediates.noindex/Jahez.build/Debug-iphonesimulator/JahezTests.build/Objects-normal/arm64/JahezTests.swiftsourceinfo (in target 'JahezTests' from project 'Jahez')
    cd /Users/mohamedhammam/Desktop/personal/Work/Jahez
    builtin-copy -exclude .DS_Store -exclude CVS -exclude .svn -exclude .git -exclude .hg -resolve-src-symlinks -rename /Users/mohamedhammam/Library/Developer/Xcode/DerivedData/Jahez-czbmduqebztgdbbwlwlnxdsizxuv/Build/Intermediates.noindex/Jahez.build/Debug-iphonesimulator/JahezTests.build/Objects-normal/arm64/JahezTests.swiftsourceinfo /Users/mohamedhammam/Library/Developer/Xcode/DerivedData/Jahez-czbmduqebztgdbbwlwlnxdsizxuv/Build/Products/Debug-iphonesimulator/JahezTests.swiftmodule/Project/arm64-apple-ios-simulator.swiftsourceinfo

Copy /Users/mohamedhammam/Library/Developer/Xcode/DerivedData/Jahez-czbmduqebztgdbbwlwlnxdsizxuv/Build/Products/Debug-iphonesimulator/JahezTests.swiftmodule/arm64-apple-ios-simulator.abi.json /Users/mohamedhammam/Library/Developer/Xcode/DerivedData/Jahez-czbmduqebztgdbbwlwlnxdsizxuv/Build/Intermediates.noindex/Jahez.build/Debug-iphonesimulator/JahezTests.build/Objects-normal/arm64/JahezTests.abi.json (in target 'JahezTests' from project 'Jahez')
    cd /Users/mohamedhammam/Desktop/personal/Work/Jahez
    builtin-copy -exclude .DS_Store -exclude CVS -exclude .svn -exclude .git -exclude .hg -resolve-src-symlinks -rename /Users/mohamedhammam/Library/Developer/Xcode/DerivedData/Jahez-czbmduqebztgdbbwlwlnxdsizxuv/Build/Intermediates.noindex/Jahez.build/Debug-iphonesimulator/JahezTests.build/Objects-normal/arm64/JahezTests.abi.json /Users/mohamedhammam/Library/Developer/Xcode/DerivedData/Jahez-czbmduqebztgdbbwlwlnxdsizxuv/Build/Products/Debug-iphonesimulator/JahezTests.swiftmodule/arm64-apple-ios-simulator.abi.json

SwiftDriverJobDiscovery normal arm64 Compiling MoviesFlowViewModelTests.swift (in target 'JahezTests' from project 'Jahez')

SwiftDriver\ Compilation JahezTests normal arm64 com.apple.xcode.tools.swift.compiler (in target 'JahezTests' from project 'Jahez')
    cd /Users/mohamedhammam/Desktop/personal/Work/Jahez
    builtin-Swift-Compilation -- /Applications/Xcode.app/Contents/Developer/Toolchains/XcodeDefault.xctoolchain/usr/bin/swiftc -module-name JahezTests -Onone @/Users/mohamedhammam/Library/Developer/Xcode/DerivedData/Jahez-czbmduqebztgdbbwlwlnxdsizxuv/Build/Intermediates.noindex/Jahez.build/Debug-iphonesimulator/JahezTests.build/Objects-normal/arm64/JahezTests.SwiftFileList -DDEBUG -DDEBUG -Xcc -fmodule-map-file\=/Users/mohamedhammam/Library/Developer/Xcode/DerivedData/Jahez-czbmduqebztgdbbwlwlnxdsizxuv/Build/Intermediates.noindex/GeneratedModuleMaps-iphonesimulator/s2geometry.modulemap -Xcc -fmodule-map-file\=/Users/mohamedhammam/Library/Developer/Xcode/DerivedData/Jahez-czbmduqebztgdbbwlwlnxdsizxuv/Build/Intermediates.noindex/GeneratedModuleMaps-iphonesimulator/Bid.modulemap -Xcc -fmodule-map-file\=/Users/mohamedhammam/Library/Developer/Xcode/DerivedData/Jahez-czbmduqebztgdbbwlwlnxdsizxuv/Build/Intermediates.noindex/GeneratedModuleMaps-iphonesimulator/RealmCoreResources.modulemap -Xcc -fmodule-map-file\=/Users/mohamedhammam/Library/Developer/Xcode/DerivedData/Jahez-czbmduqebztgdbbwlwlnxdsizxuv/Build/Intermediates.noindex/GeneratedModuleMaps-iphonesimulator/s2geometry.modulemap -Xcc -fmodule-map-file\=/Users/mohamedhammam/Library/Developer/Xcode/DerivedData/Jahez-czbmduqebztgdbbwlwlnxdsizxuv/Build/Intermediates.noindex/GeneratedModuleMaps-iphonesimulator/Bid.modulemap -Xcc -fmodule-map-file\=/Users/mohamedhammam/Library/Developer/Xcode/DerivedData/Jahez-czbmduqebztgdbbwlwlnxdsizxuv/Build/Intermediates.noindex/GeneratedModuleMaps-iphonesimulator/RealmCoreResources.modulemap -plugin-path /Applications/Xcode.app/Contents/Developer/Toolchains/XcodeDefault.xctoolchain/usr/lib/swift/host/plugins/testing -default-isolation\=MainActor -enable-bare-slash-regex -enable-upcoming-feature DisableOutwardActorInference -enable-upcoming-feature InferSendableFromCaptures -enable-upcoming-feature GlobalActorIsolatedTypesUsability -enable-upcoming-feature MemberImportVisibility -enable-upcoming-feature InferIsolatedConformances -enable-upcoming-feature NonisolatedNonsendingByDefault -enable-experimental-feature DebugDescriptionMacro -sdk /Applications/Xcode.app/Contents/Developer/Platforms/iPhoneSimulator.platform/Developer/SDKs/iPhoneSimulator26.4.sdk -target arm64-apple-ios26.4-simulator -g -module-cache-path /Users/mohamedhammam/Library/Developer/Xcode/DerivedData/ModuleCache.noindex -Xfrontend -serialize-debugging-options -profile-coverage-mapping -profile-generate -enable-testing -index-store-path /Users/mohamedhammam/Library/Developer/Xcode/DerivedData/Jahez-czbmduqebztgdbbwlwlnxdsizxuv/Index.noindex/DataStore -Xcc -D_LIBCPP_HARDENING_MODE\=_LIBCPP_HARDENING_MODE_DEBUG -swift-version 5 -I /Users/mohamedhammam/Library/Developer/Xcode/DerivedData/Jahez-czbmduqebztgdbbwlwlnxdsizxuv/Build/Products/Debug-iphonesimulator -Isystem /Applications/Xcode.app/Contents/Developer/Platforms/iPhoneSimulator.platform/Developer/usr/lib -F /Users/mohamedhammam/Library/Developer/Xcode/DerivedData/Jahez-czbmduqebztgdbbwlwlnxdsizxuv/Build/Products/Debug-iphonesimulator/PackageFrameworks -F /Users/mohamedhammam/Library/Developer/Xcode/DerivedData/Jahez-czbmduqebztgdbbwlwlnxdsizxuv/Build/Products/Debug-iphonesimulator/PackageFrameworks -F /Users/mohamedhammam/Library/Developer/Xcode/DerivedData/Jahez-czbmduqebztgdbbwlwlnxdsizxuv/Build/Products/Debug-iphonesimulator/PackageFrameworks -F /Users/mohamedhammam/Library/Developer/Xcode/DerivedData/Jahez-czbmduqebztgdbbwlwlnxdsizxuv/Build/Products/Debug-iphonesimulator/PackageFrameworks -F /Users/mohamedhammam/Library/Developer/Xcode/DerivedData/Jahez-czbmduqebztgdbbwlwlnxdsizxuv/Build/Products/Debug-iphonesimulator/PackageFrameworks -F /Users/mohamedhammam/Library/Developer/Xcode/DerivedData/Jahez-czbmduqebztgdbbwlwlnxdsizxuv/Build/Products/Debug-iphonesimulator/PackageFrameworks -F /Users/mohamedhammam/Library/Developer/Xcode/DerivedData/Jahez-czbmduqebztgdbbwlwlnxdsizxuv/Build/Products/Debug-iphonesimulator/PackageFrameworks -F /Users/mohamedhammam/Library/Developer/Xcode/DerivedData/Jahez-czbmduqebztgdbbwlwlnxdsizxuv/Build/Products/Debug-iphonesimulator/PackageFrameworks -F /Users/mohamedhammam/Library/Developer/Xcode/DerivedData/Jahez-czbmduqebztgdbbwlwlnxdsizxuv/Build/Products/Debug-iphonesimulator/PackageFrameworks -F /Users/mohamedhammam/Library/Developer/Xcode/DerivedData/Jahez-czbmduqebztgdbbwlwlnxdsizxuv/Build/Products/Debug-iphonesimulator/PackageFrameworks -F /Users/mohamedhammam/Library/Developer/Xcode/DerivedData/Jahez-czbmduqebztgdbbwlwlnxdsizxuv/Build/Products/Debug-iphonesimulator/PackageFrameworks -F /Users/mohamedhammam/Library/Developer/Xcode/DerivedData/Jahez-czbmduqebztgdbbwlwlnxdsizxuv/Build/Products/Debug-iphonesimulator/PackageFrameworks -F /Users/mohamedhammam/Library/Developer/Xcode/DerivedData/Jahez-czbmduqebztgdbbwlwlnxdsizxuv/Build/Products/Debug-iphonesimulator/PackageFrameworks -F /Users/mohamedhammam/Library/Developer/Xcode/DerivedData/Jahez-czbmduqebztgdbbwlwlnxdsizxuv/Build/Products/Debug-iphonesimulator/PackageFrameworks -F /Users/mohamedhammam/Library/Developer/Xcode/DerivedData/Jahez-czbmduqebztgdbbwlwlnxdsizxuv/Build/Products/Debug-iphonesimulator/PackageFrameworks -F /Users/mohamedhammam/Library/Developer/Xcode/DerivedData/Jahez-czbmduqebztgdbbwlwlnxdsizxuv/Build/Products/Debug-iphonesimulator/PackageFrameworks -F /Users/mohamedhammam/Library/Developer/Xcode/DerivedData/Jahez-czbmduqebztgdbbwlwlnxdsizxuv/Build/Products/Debug-iphonesimulator -F /Applications/Xcode.app/Contents/Developer/Platforms/iPhoneSimulator.platform/Developer/Library/Frameworks -F /Applications/Xcode.app/Contents/Developer/Platforms/iPhoneSimulator.platform/Developer/SDKs/iPhoneSimulator26.4.sdk/Developer/Library/Frameworks -c -j8 -enable-batch-mode -incremental -Xcc -ivfsstatcache -Xcc /Users/mohamedhammam/Library/Developer/Xcode/DerivedData/SDKStatCaches.noindex/iphonesimulator26.4-23E237-686eebb5dc1d8ecb277353a59184f4aa.sdkstatcache -output-file-map /Users/mohamedhammam/Library/Developer/Xcode/DerivedData/Jahez-czbmduqebztgdbbwlwlnxdsizxuv/Build/Intermediates.noindex/Jahez.build/Debug-iphonesimulator/JahezTests.build/Objects-normal/arm64/JahezTests-OutputFileMap.json -use-frontend-parseable-output -save-temps -no-color-diagnostics -explicit-module-build -module-cache-path /Users/mohamedhammam/Library/Developer/Xcode/DerivedData/Jahez-czbmduqebztgdbbwlwlnxdsizxuv/Build/Intermediates.noindex/SwiftExplicitPrecompiledModules -clang-scanner-module-cache-path /Users/mohamedhammam/Library/Developer/Xcode/DerivedData/ModuleCache.noindex -sdk-module-cache-path /Users/mohamedhammam/Library/Developer/Xcode/DerivedData/ModuleCache.noindex -serialize-diagnostics -emit-dependencies -emit-module -emit-module-path /Users/mohamedhammam/Library/Developer/Xcode/DerivedData/Jahez-czbmduqebztgdbbwlwlnxdsizxuv/Build/Intermediates.noindex/Jahez.build/Debug-iphonesimulator/JahezTests.build/Objects-normal/arm64/JahezTests.swiftmodule -validate-clang-modules-once -clang-build-session-file /Users/mohamedhammam/Library/Developer/Xcode/DerivedData/ModuleCache.noindex/Session.modulevalidation -Xcc -I/Users/mohamedhammam/Library/Developer/Xcode/DerivedData/Jahez-czbmduqebztgdbbwlwlnxdsizxuv/Build/Intermediates.noindex/Jahez.build/Debug-iphonesimulator/JahezTests.build/swift-overrides.hmap -emit-const-values -Xfrontend -const-gather-protocols-file -Xfrontend /Users/mohamedhammam/Library/Developer/Xcode/DerivedData/Jahez-czbmduqebztgdbbwlwlnxdsizxuv/Build/Intermediates.noindex/Jahez.build/Debug-iphonesimulator/JahezTests.build/Objects-normal/arm64/JahezTests_const_extract_protocols.json -Xcc -iquote -Xcc /Users/mohamedhammam/Library/Developer/Xcode/DerivedData/Jahez-czbmduqebztgdbbwlwlnxdsizxuv/Build/Intermediates.noindex/Jahez.build/Debug-iphonesimulator/JahezTests.build/JahezTests-generated-files.hmap -Xcc -I/Users/mohamedhammam/Library/Developer/Xcode/DerivedData/Jahez-czbmduqebztgdbbwlwlnxdsizxuv/Build/Intermediates.noindex/Jahez.build/Debug-iphonesimulator/JahezTests.build/JahezTests-own-target-headers.hmap -Xcc -I/Users/mohamedhammam/Library/Developer/Xcode/DerivedData/Jahez-czbmduqebztgdbbwlwlnxdsizxuv/Build/Intermediates.noindex/Jahez.build/Debug-iphonesimulator/JahezTests.build/JahezTests-all-non-framework-target-headers.hmap -Xcc -ivfsoverlay -Xcc /Users/mohamedhammam/Library/Developer/Xcode/DerivedData/Jahez-czbmduqebztgdbbwlwlnxdsizxuv/Build/Intermediates.noindex/Jahez.build/Debug-iphonesimulator/Jahez-6b1454919ff28b27ed20c798f3f9f9f3-VFS-iphonesimulator/all-product-headers.yaml -Xcc -iquote -Xcc /Users/mohamedhammam/Library/Developer/Xcode/DerivedData/Jahez-czbmduqebztgdbbwlwlnxdsizxuv/Build/Intermediates.noindex/Jahez.build/Debug-iphonesimulator/JahezTests.build/JahezTests-project-headers.hmap -Xcc -I/Users/mohamedhammam/Library/Developer/Xcode/DerivedData/Jahez-czbmduqebztgdbbwlwlnxdsizxuv/SourcePackages/checkouts/realm-core/src -Xcc -I/Users/mohamedhammam/Library/Developer/Xcode/DerivedData/Jahez-czbmduqebztgdbbwlwlnxdsizxuv/SourcePackages/checkouts/realm-core/src/external/s2 -Xcc -I/Users/mohamedhammam/Library/Developer/Xcode/DerivedData/Jahez-czbmduqebztgdbbwlwlnxdsizxuv/SourcePackages/checkouts/realm-core/src/external/IntelRDFPMathLib20U2/LIBRARY/src -Xcc -I/Users/mohamedhammam/Library/Developer/Xcode/DerivedData/Jahez-czbmduqebztgdbbwlwlnxdsizxuv/SourcePackages/checkouts/realm-core/src/spm -Xcc -I/Users/mohamedhammam/Library/Developer/Xcode/DerivedData/Jahez-czbmduqebztgdbbwlwlnxdsizxuv/SourcePackages/checkouts/realm-swift/include -Xcc -I/Users/mohamedhammam/Library/Developer/Xcode/DerivedData/Jahez-czbmduqebztgdbbwlwlnxdsizxuv/SourcePackages/checkouts/realm-core/src -Xcc -I/Users/mohamedhammam/Library/Developer/Xcode/DerivedData/Jahez-czbmduqebztgdbbwlwlnxdsizxuv/SourcePackages/checkouts/realm-core/src/external/s2 -Xcc -I/Users/mohamedhammam/Library/Developer/Xcode/DerivedData/Jahez-czbmduqebztgdbbwlwlnxdsizxuv/SourcePackages/checkouts/realm-core/src/external/IntelRDFPMathLib20U2/LIBRARY/src -Xcc -I/Users/mohamedhammam/Library/Developer/Xcode/DerivedData/Jahez-czbmduqebztgdbbwlwlnxdsizxuv/SourcePackages/checkouts/realm-core/src/spm -Xcc -I/Users/mohamedhammam/Library/Developer/Xcode/DerivedData/Jahez-czbmduqebztgdbbwlwlnxdsizxuv/SourcePackages/checkouts/realm-swift/include -Xcc -I/Users/mohamedhammam/Library/Developer/Xcode/DerivedData/Jahez-czbmduqebztgdbbwlwlnxdsizxuv/Build/Products/Debug-iphonesimulator/include -Xcc -I/Users/mohamedhammam/Library/Developer/Xcode/DerivedData/Jahez-czbmduqebztgdbbwlwlnxdsizxuv/Build/Intermediates.noindex/Jahez.build/Debug-iphonesimulator/JahezTests.build/DerivedSources-normal/arm64 -Xcc -I/Users/mohamedhammam/Library/Developer/Xcode/DerivedData/Jahez-czbmduqebztgdbbwlwlnxdsizxuv/Build/Intermediates.noindex/Jahez.build/Debug-iphonesimulator/JahezTests.build/DerivedSources/arm64 -Xcc -I/Users/mohamedhammam/Library/Developer/Xcode/DerivedData/Jahez-czbmduqebztgdbbwlwlnxdsizxuv/Build/Intermediates.noindex/Jahez.build/Debug-iphonesimulator/JahezTests.build/DerivedSources -Xcc -DDEBUG\=1 -emit-objc-header -emit-objc-header-path /Users/mohamedhammam/Library/Developer/Xcode/DerivedData/Jahez-czbmduqebztgdbbwlwlnxdsizxuv/Build/Intermediates.noindex/Jahez.build/Debug-iphonesimulator/JahezTests.build/Objects-normal/arm64/JahezTests-Swift.h -working-directory /Users/mohamedhammam/Desktop/personal/Work/Jahez -experimental-emit-module-separately -disable-cmo

Ld /Users/mohamedhammam/Library/Developer/Xcode/DerivedData/Jahez-czbmduqebztgdbbwlwlnxdsizxuv/Build/Products/Debug-iphonesimulator/Jahez.app/PlugIns/JahezTests.xctest/JahezTests normal (in target 'JahezTests' from project 'Jahez')
    cd /Users/mohamedhammam/Desktop/personal/Work/Jahez
    /Applications/Xcode.app/Contents/Developer/Toolchains/XcodeDefault.xctoolchain/usr/bin/clang -Xlinker -reproducible -target arm64-apple-ios26.4-simulator -bundle -isysroot /Applications/Xcode.app/Contents/Developer/Platforms/iPhoneSimulator.platform/Developer/SDKs/iPhoneSimulator26.4.sdk -O0 -L/Users/mohamedhammam/Library/Developer/Xcode/DerivedData/Jahez-czbmduqebztgdbbwlwlnxdsizxuv/Build/Intermediates.noindex/EagerLinkingTBDs/Debug-iphonesimulator -L/Users/mohamedhammam/Library/Developer/Xcode/DerivedData/Jahez-czbmduqebztgdbbwlwlnxdsizxuv/Build/Products/Debug-iphonesimulator -L/Applications/Xcode.app/Contents/Developer/Platforms/iPhoneSimulator.platform/Developer/usr/lib -F/Users/mohamedhammam/Library/Developer/Xcode/DerivedData/Jahez-czbmduqebztgdbbwlwlnxdsizxuv/Build/Intermediates.noindex/EagerLinkingTBDs/Debug-iphonesimulator -F/Users/mohamedhammam/Library/Developer/Xcode/DerivedData/Jahez-czbmduqebztgdbbwlwlnxdsizxuv/Build/Products/Debug-iphonesimulator/PackageFrameworks -F/Users/mohamedhammam/Library/Developer/Xcode/DerivedData/Jahez-czbmduqebztgdbbwlwlnxdsizxuv/Build/Products/Debug-iphonesimulator/PackageFrameworks -F/Users/mohamedhammam/Library/Developer/Xcode/DerivedData/Jahez-czbmduqebztgdbbwlwlnxdsizxuv/Build/Products/Debug-iphonesimulator/PackageFrameworks -F/Users/mohamedhammam/Library/Developer/Xcode/DerivedData/Jahez-czbmduqebztgdbbwlwlnxdsizxuv/Build/Products/Debug-iphonesimulator/PackageFrameworks -F/Users/mohamedhammam/Library/Developer/Xcode/DerivedData/Jahez-czbmduqebztgdbbwlwlnxdsizxuv/Build/Products/Debug-iphonesimulator/PackageFrameworks -F/Users/mohamedhammam/Library/Developer/Xcode/DerivedData/Jahez-czbmduqebztgdbbwlwlnxdsizxuv/Build/Products/Debug-iphonesimulator/PackageFrameworks -F/Users/mohamedhammam/Library/Developer/Xcode/DerivedData/Jahez-czbmduqebztgdbbwlwlnxdsizxuv/Build/Products/Debug-iphonesimulator/PackageFrameworks -F/Users/mohamedhammam/Library/Developer/Xcode/DerivedData/Jahez-czbmduqebztgdbbwlwlnxdsizxuv/Build/Products/Debug-iphonesimulator/PackageFrameworks -F/Users/mohamedhammam/Library/Developer/Xcode/DerivedData/Jahez-czbmduqebztgdbbwlwlnxdsizxuv/Build/Products/Debug-iphonesimulator/PackageFrameworks -F/Users/mohamedhammam/Library/Developer/Xcode/DerivedData/Jahez-czbmduqebztgdbbwlwlnxdsizxuv/Build/Products/Debug-iphonesimulator/PackageFrameworks -F/Users/mohamedhammam/Library/Developer/Xcode/DerivedData/Jahez-czbmduqebztgdbbwlwlnxdsizxuv/Build/Products/Debug-iphonesimulator/PackageFrameworks -F/Users/mohamedhammam/Library/Developer/Xcode/DerivedData/Jahez-czbmduqebztgdbbwlwlnxdsizxuv/Build/Products/Debug-iphonesimulator/PackageFrameworks -F/Users/mohamedhammam/Library/Developer/Xcode/DerivedData/Jahez-czbmduqebztgdbbwlwlnxdsizxuv/Build/Products/Debug-iphonesimulator/PackageFrameworks -F/Users/mohamedhammam/Library/Developer/Xcode/DerivedData/Jahez-czbmduqebztgdbbwlwlnxdsizxuv/Build/Products/Debug-iphonesimulator/PackageFrameworks -F/Users/mohamedhammam/Library/Developer/Xcode/DerivedData/Jahez-czbmduqebztgdbbwlwlnxdsizxuv/Build/Products/Debug-iphonesimulator/PackageFrameworks -F/Users/mohamedhammam/Library/Developer/Xcode/DerivedData/Jahez-czbmduqebztgdbbwlwlnxdsizxuv/Build/Products/Debug-iphonesimulator/PackageFrameworks -F/Users/mohamedhammam/Library/Developer/Xcode/DerivedData/Jahez-czbmduqebztgdbbwlwlnxdsizxuv/Build/Products/Debug-iphonesimulator -iframework /Applications/Xcode.app/Contents/Developer/Platforms/iPhoneSimulator.platform/Developer/Library/Frameworks -iframework /Applications/Xcode.app/Contents/Developer/Platforms/iPhoneSimulator.platform/Developer/SDKs/iPhoneSimulator26.4.sdk/Developer/Library/Frameworks -filelist /Users/mohamedhammam/Library/Developer/Xcode/DerivedData/Jahez-czbmduqebztgdbbwlwlnxdsizxuv/Build/Intermediates.noindex/Jahez.build/Debug-iphonesimulator/JahezTests.build/Objects-normal/arm64/JahezTests.LinkFileList -Xlinker -rpath -Xlinker /Users/mohamedhammam/Library/Developer/Xcode/DerivedData/Jahez-czbmduqebztgdbbwlwlnxdsizxuv/Build/Products/Debug-iphonesimulator/PackageFrameworks -Xlinker -rpath -Xlinker @loader_path/Frameworks -Xlinker -rpath -Xlinker @executable_path/Frameworks -Xlinker -dead_strip -bundle_loader /Users/mohamedhammam/Library/Developer/Xcode/DerivedData/Jahez-czbmduqebztgdbbwlwlnxdsizxuv/Build/Products/Debug-iphonesimulator/Jahez.app/Jahez -Xlinker -object_path_lto -Xlinker /Users/mohamedhammam/Library/Developer/Xcode/DerivedData/Jahez-czbmduqebztgdbbwlwlnxdsizxuv/Build/Intermediates.noindex/Jahez.build/Debug-iphonesimulator/JahezTests.build/Objects-normal/arm64/JahezTests_lto.o -rdynamic -Xlinker -no_deduplicate -Xlinker -objc_abi_version -Xlinker 2 -Xlinker -debug_variant -Xlinker -dependency_info -Xlinker /Users/mohamedhammam/Library/Developer/Xcode/DerivedData/Jahez-czbmduqebztgdbbwlwlnxdsizxuv/Build/Intermediates.noindex/Jahez.build/Debug-iphonesimulator/JahezTests.build/Objects-normal/arm64/JahezTests_dependency_info.dat -fobjc-link-runtime -fprofile-instr-generate -L/Applications/Xcode.app/Contents/Developer/Toolchains/XcodeDefault.xctoolchain/usr/lib/swift/iphonesimulator -L/usr/lib/swift -Xlinker -add_ast_path -Xlinker /Users/mohamedhammam/Library/Developer/Xcode/DerivedData/Jahez-czbmduqebztgdbbwlwlnxdsizxuv/Build/Intermediates.noindex/Jahez.build/Debug-iphonesimulator/JahezTests.build/Objects-normal/arm64/JahezTests.swiftmodule @/Users/mohamedhammam/Library/Developer/Xcode/DerivedData/Jahez-czbmduqebztgdbbwlwlnxdsizxuv/Build/Intermediates.noindex/Jahez.build/Debug-iphonesimulator/JahezTests.build/Objects-normal/arm64/JahezTests-linker-args.resp -lc++ -Wl,-no_warn_duplicate_libraries -lc++ -Wl,-no_warn_duplicate_libraries -Wl,-no_warn_duplicate_libraries -lc++ -Wl,-no_warn_duplicate_libraries -lc++ -Wl,-no_warn_duplicate_libraries -Wl,-no_warn_duplicate_libraries -Wl,-no_warn_duplicate_libraries -Wl,-no_warn_duplicate_libraries -lc++ -Wl,-no_warn_duplicate_libraries -lc++ -Wl,-no_warn_duplicate_libraries -Wl,-no_warn_duplicate_libraries -lc++ -Wl,-no_warn_duplicate_libraries -lc++ -Wl,-no_warn_duplicate_libraries -Wl,-no_warn_duplicate_libraries -Wl,-no_warn_duplicate_libraries -Wl,-no_warn_duplicate_libraries -framework CFNetwork -framework UIKit -framework Foundation -framework Security -framework CFNetwork -framework UIKit -framework Foundation -framework Security -Xlinker -needed_framework -Xlinker XCTest -framework XCTest -Xlinker -needed-lXCTestSwiftSupport -lXCTestSwiftSupport /Users/mohamedhammam/Library/Developer/Xcode/DerivedData/Jahez-czbmduqebztgdbbwlwlnxdsizxuv/Build/Products/Debug-iphonesimulator/PackageFrameworks/RealmSwift.framework/RealmSwift /Users/mohamedhammam/Library/Developer/Xcode/DerivedData/Jahez-czbmduqebztgdbbwlwlnxdsizxuv/Build/Products/Debug-iphonesimulator/PackageFrameworks/Kingfisher_-752BB08CEC25C0EC_PackageProduct.framework/Kingfisher_-752BB08CEC25C0EC_PackageProduct /Users/mohamedhammam/Library/Developer/Xcode/DerivedData/Jahez-czbmduqebztgdbbwlwlnxdsizxuv/Build/Products/Debug-iphonesimulator/PackageFrameworks/Alamofire_-213FC01918BCE467_PackageProduct.framework/Alamofire_-213FC01918BCE467_PackageProduct /Users/mohamedhammam/Library/Developer/Xcode/DerivedData/Jahez-czbmduqebztgdbbwlwlnxdsizxuv/Build/Products/Debug-iphonesimulator/Jahez.app/Jahez.debug.dylib -Xlinker -no_adhoc_codesign -o /Users/mohamedhammam/Library/Developer/Xcode/DerivedData/Jahez-czbmduqebztgdbbwlwlnxdsizxuv/Build/Products/Debug-iphonesimulator/Jahez.app/PlugIns/JahezTests.xctest/JahezTests

CopySwiftLibs /Users/mohamedhammam/Library/Developer/Xcode/DerivedData/Jahez-czbmduqebztgdbbwlwlnxdsizxuv/Build/Products/Debug-iphonesimulator/Jahez.app/PlugIns/JahezTests.xctest (in target 'JahezTests' from project 'Jahez')
    cd /Users/mohamedhammam/Desktop/personal/Work/Jahez
    builtin-swiftStdLibTool --copy --verbose --sign - --scan-executable /Users/mohamedhammam/Library/Developer/Xcode/DerivedData/Jahez-czbmduqebztgdbbwlwlnxdsizxuv/Build/Products/Debug-iphonesimulator/Jahez.app/PlugIns/JahezTests.xctest/JahezTests --scan-folder /Users/mohamedhammam/Library/Developer/Xcode/DerivedData/Jahez-czbmduqebztgdbbwlwlnxdsizxuv/Build/Products/Debug-iphonesimulator/Jahez.app/PlugIns/JahezTests.xctest/Frameworks --scan-folder /Users/mohamedhammam/Library/Developer/Xcode/DerivedData/Jahez-czbmduqebztgdbbwlwlnxdsizxuv/Build/Products/Debug-iphonesimulator/Jahez.app/PlugIns/JahezTests.xctest/PlugIns --scan-folder /Users/mohamedhammam/Library/Developer/Xcode/DerivedData/Jahez-czbmduqebztgdbbwlwlnxdsizxuv/Build/Products/Debug-iphonesimulator/Jahez.app/PlugIns/JahezTests.xctest/SystemExtensions --scan-folder /Users/mohamedhammam/Library/Developer/Xcode/DerivedData/Jahez-czbmduqebztgdbbwlwlnxdsizxuv/Build/Products/Debug-iphonesimulator/Jahez.app/PlugIns/JahezTests.xctest/Extensions --scan-folder /Users/mohamedhammam/Library/Developer/Xcode/DerivedData/Jahez-czbmduqebztgdbbwlwlnxdsizxuv/Build/Products/Debug-iphonesimulator/PackageFrameworks/RealmSwift.framework --scan-folder /Users/mohamedhammam/Library/Developer/Xcode/DerivedData/Jahez-czbmduqebztgdbbwlwlnxdsizxuv/Build/Products/Debug-iphonesimulator/PackageFrameworks/Kingfisher_-752BB08CEC25C0EC_PackageProduct.framework --scan-folder /Users/mohamedhammam/Library/Developer/Xcode/DerivedData/Jahez-czbmduqebztgdbbwlwlnxdsizxuv/Build/Products/Debug-iphonesimulator/PackageFrameworks/Alamofire_-213FC01918BCE467_PackageProduct.framework --platform iphonesimulator --toolchain /Applications/Xcode.app/Contents/Developer/Toolchains/XcodeDefault.xctoolchain --destination /Users/mohamedhammam/Library/Developer/Xcode/DerivedData/Jahez-czbmduqebztgdbbwlwlnxdsizxuv/Build/Products/Debug-iphonesimulator/Jahez.app/PlugIns/JahezTests.xctest/Frameworks --strip-bitcode --scan-executable /Applications/Xcode.app/Contents/Developer/Platforms/iPhoneSimulator.platform/Developer/usr/lib/libXCTestSwiftSupport.dylib --strip-bitcode-tool /Applications/Xcode.app/Contents/Developer/Toolchains/XcodeDefault.xctoolchain/usr/bin/bitcode_strip --emit-dependency-info /Users/mohamedhammam/Library/Developer/Xcode/DerivedData/Jahez-czbmduqebztgdbbwlwlnxdsizxuv/Build/Intermediates.noindex/Jahez.build/Debug-iphonesimulator/JahezTests.build/SwiftStdLibToolInputDependencies.dep --filter-for-swift-os

ExtractAppIntentsMetadata (in target 'JahezTests' from project 'Jahez')
    cd /Users/mohamedhammam/Desktop/personal/Work/Jahez
    /Applications/Xcode.app/Contents/Developer/Toolchains/XcodeDefault.xctoolchain/usr/bin/appintentsmetadataprocessor --toolchain-dir /Applications/Xcode.app/Contents/Developer/Toolchains/XcodeDefault.xctoolchain --module-name JahezTests --sdk-root /Applications/Xcode.app/Contents/Developer/Platforms/iPhoneSimulator.platform/Developer/SDKs/iPhoneSimulator26.4.sdk --xcode-version 17E192 --platform-family iOS --deployment-target 26.4 --bundle-identifier Astek.JahezTests --output /Users/mohamedhammam/Library/Developer/Xcode/DerivedData/Jahez-czbmduqebztgdbbwlwlnxdsizxuv/Build/Products/Debug-iphonesimulator/Jahez.app/PlugIns/JahezTests.xctest --target-triple arm64-apple-ios26.4-simulator --binary-file /Users/mohamedhammam/Library/Developer/Xcode/DerivedData/Jahez-czbmduqebztgdbbwlwlnxdsizxuv/Build/Products/Debug-iphonesimulator/Jahez.app/PlugIns/JahezTests.xctest/JahezTests --dependency-file /Users/mohamedhammam/Library/Developer/Xcode/DerivedData/Jahez-czbmduqebztgdbbwlwlnxdsizxuv/Build/Intermediates.noindex/Jahez.build/Debug-iphonesimulator/JahezTests.build/Objects-normal/arm64/JahezTests_dependency_info.dat --stringsdata-file /Users/mohamedhammam/Library/Developer/Xcode/DerivedData/Jahez-czbmduqebztgdbbwlwlnxdsizxuv/Build/Intermediates.noindex/Jahez.build/Debug-iphonesimulator/JahezTests.build/Objects-normal/arm64/ExtractedAppShortcutsMetadata.stringsdata --source-file-list /Users/mohamedhammam/Library/Developer/Xcode/DerivedData/Jahez-czbmduqebztgdbbwlwlnxdsizxuv/Build/Intermediates.noindex/Jahez.build/Debug-iphonesimulator/JahezTests.build/Objects-normal/arm64/JahezTests.SwiftFileList --metadata-file-list /Users/mohamedhammam/Library/Developer/Xcode/DerivedData/Jahez-czbmduqebztgdbbwlwlnxdsizxuv/Build/Intermediates.noindex/Jahez.build/Debug-iphonesimulator/JahezTests.build/JahezTests.DependencyMetadataFileList --static-metadata-file-list /Users/mohamedhammam/Library/Developer/Xcode/DerivedData/Jahez-czbmduqebztgdbbwlwlnxdsizxuv/Build/Intermediates.noindex/Jahez.build/Debug-iphonesimulator/JahezTests.build/JahezTests.DependencyStaticMetadataFileList --swift-const-vals-list /Users/mohamedhammam/Library/Developer/Xcode/DerivedData/Jahez-czbmduqebztgdbbwlwlnxdsizxuv/Build/Intermediates.noindex/Jahez.build/Debug-iphonesimulator/JahezTests.build/Objects-normal/arm64/JahezTests.SwiftConstValuesFileList --compile-time-extraction --deployment-aware-processing --validate-assistant-intents --no-app-shortcuts-localization
2026-04-15 16:14:28.711 appintentsmetadataprocessor[95432:1977328] Starting appintentsmetadataprocessor export
2026-04-15 16:14:28.714 appintentsmetadataprocessor[95432:1977328] warning: Metadata extraction skipped. No AppIntents.framework dependency found.

CodeSign /Users/mohamedhammam/Library/Developer/Xcode/DerivedData/Jahez-czbmduqebztgdbbwlwlnxdsizxuv/Build/Products/Debug-iphonesimulator/Jahez.app/PlugIns/JahezTests.xctest (in target 'JahezTests' from project 'Jahez')
    cd /Users/mohamedhammam/Desktop/personal/Work/Jahez
    
    Signing Identity:     "Sign to Run Locally"
    
    /usr/bin/codesign --force --sign - --timestamp\=none --generate-entitlement-der /Users/mohamedhammam/Library/Developer/Xcode/DerivedData/Jahez-czbmduqebztgdbbwlwlnxdsizxuv/Build/Products/Debug-iphonesimulator/Jahez.app/PlugIns/JahezTests.xctest

CodeSign /Users/mohamedhammam/Library/Developer/Xcode/DerivedData/Jahez-czbmduqebztgdbbwlwlnxdsizxuv/Build/Products/Debug-iphonesimulator/Jahez.app/Jahez.debug.dylib (in target 'Jahez' from project 'Jahez')
    cd /Users/mohamedhammam/Desktop/personal/Work/Jahez
    
    Signing Identity:     "Sign to Run Locally"
    
    /usr/bin/codesign --force --sign - --timestamp\=none --generate-entitlement-der /Users/mohamedhammam/Library/Developer/Xcode/DerivedData/Jahez-czbmduqebztgdbbwlwlnxdsizxuv/Build/Products/Debug-iphonesimulator/Jahez.app/Jahez.debug.dylib
/Users/mohamedhammam/Library/Developer/Xcode/DerivedData/Jahez-czbmduqebztgdbbwlwlnxdsizxuv/Build/Products/Debug-iphonesimulator/Jahez.app/Jahez.debug.dylib: replacing existing signature

CodeSign /Users/mohamedhammam/Library/Developer/Xcode/DerivedData/Jahez-czbmduqebztgdbbwlwlnxdsizxuv/Build/Products/Debug-iphonesimulator/Jahez.app/__preview.dylib (in target 'Jahez' from project 'Jahez')
    cd /Users/mohamedhammam/Desktop/personal/Work/Jahez
    
    Signing Identity:     "Sign to Run Locally"
    
    /usr/bin/codesign --force --sign - --timestamp\=none --generate-entitlement-der /Users/mohamedhammam/Library/Developer/Xcode/DerivedData/Jahez-czbmduqebztgdbbwlwlnxdsizxuv/Build/Products/Debug-iphonesimulator/Jahez.app/__preview.dylib
/Users/mohamedhammam/Library/Developer/Xcode/DerivedData/Jahez-czbmduqebztgdbbwlwlnxdsizxuv/Build/Products/Debug-iphonesimulator/Jahez.app/__preview.dylib: replacing existing signature

CodeSign /Users/mohamedhammam/Library/Developer/Xcode/DerivedData/Jahez-czbmduqebztgdbbwlwlnxdsizxuv/Build/Products/Debug-iphonesimulator/Jahez.app (in target 'Jahez' from project 'Jahez')
    cd /Users/mohamedhammam/Desktop/personal/Work/Jahez
    
    Signing Identity:     "Sign to Run Locally"
    
    /usr/bin/codesign --force --sign - --timestamp\=none --generate-entitlement-der /Users/mohamedhammam/Library/Developer/Xcode/DerivedData/Jahez-czbmduqebztgdbbwlwlnxdsizxuv/Build/Products/Debug-iphonesimulator/Jahez.app
/Users/mohamedhammam/Library/Developer/Xcode/DerivedData/Jahez-czbmduqebztgdbbwlwlnxdsizxuv/Build/Products/Debug-iphonesimulator/Jahez.app: replacing existing signature

Validate /Users/mohamedhammam/Library/Developer/Xcode/DerivedData/Jahez-czbmduqebztgdbbwlwlnxdsizxuv/Build/Products/Debug-iphonesimulator/Jahez.app (in target 'Jahez' from project 'Jahez')
    cd /Users/mohamedhammam/Desktop/personal/Work/Jahez
    builtin-validationUtility /Users/mohamedhammam/Library/Developer/Xcode/DerivedData/Jahez-czbmduqebztgdbbwlwlnxdsizxuv/Build/Products/Debug-iphonesimulator/Jahez.app -shallow-bundle -infoplist-subpath Info.plist

2026-04-15 16:17:30.624 xcodebuild[91106:1972181] [MT] IDETestOperationsObserverDebug: 181.693 elapsed -- Testing started completed.
2026-04-15 16:17:30.624 xcodebuild[91106:1972181] [MT] IDETestOperationsObserverDebug: 0.000 sec, +0.000 sec -- start
2026-04-15 16:17:30.624 xcodebuild[91106:1972181] [MT] IDETestOperationsObserverDebug: 181.693 sec, +181.693 sec -- end

Test session results, code coverage, and logs:
	/Users/mohamedhammam/Library/Developer/Xcode/DerivedData/Jahez-czbmduqebztgdbbwlwlnxdsizxuv/Logs/Test/Test-Jahez-2026.04.15_16-14-22-+0200.xcresult

** TEST SUCCEEDED **

Testing started
Test suite 'CacheStoreTests' started on 'Clone 1 of iPhone 17 - Jahez (59880)'
Test suite 'MovieDetailsViewModelTests' started on 'Clone 1 of iPhone 17 - Jahez (59880)'
Test suite 'MoviesListViewModelTests' started on 'Clone 1 of iPhone 17 - Jahez (59880)'
Test case 'MoviesListViewModelTests/loadMoviesPopulatesMoviesAndGenres()' passed on 'Clone 1 of iPhone 17 - Jahez (59880)' (0.059 seconds)
Test case 'CacheStoreTests/movieDetailsCacheStoreLoadsSavedMovie()' passed on 'Clone 1 of iPhone 17 - Jahez (59880)' (0.059 seconds)
Test case 'CacheStoreTests/moviesCacheStoreLoadsSavedGenresAndPage()' passed on 'Clone 1 of iPhone 17 - Jahez (59880)' (0.060 seconds)
Test case 'MovieDetailsViewModelTests/loadMovieDetailsStoresMovieOnSuccess()' passed on 'Clone 1 of iPhone 17 - Jahez (59880)' (0.059 seconds)
Test case 'MoviesListViewModelTests/filteredMoviesUsesSearchAndGenreSelection()' passed on 'Clone 1 of iPhone 17 - Jahez (59880)' (0.060 seconds)
Test case 'MovieDetailsViewModelTests/loadMovieDetailsShowsOfflineAlertForNoConnection()' passed on 'Clone 1 of iPhone 17 - Jahez (59880)' (0.060 seconds)
Test case 'CacheStoreTests/realmCacheStorePersistsValueAndMetadata()' passed on 'Clone 1 of iPhone 17 - Jahez (59880)' (0.060 seconds)
Test case 'MoviesListViewModelTests/loadNextPageAppendsOnlyNewMovies()' passed on 'Clone 1 of iPhone 17 - Jahez (59880)' (0.071 seconds)
